Component: ARM Compiler 5.06 update 6 (build 750) Tool: armlink [4d35ed]

==============================================================================

Section Cross References

    main.o(i.fgetc) refers to main.o(i.USART2_read) for USART2_read
    main.o(i.fgetc) refers to main.o(i.USART2_write) for USART2_write
    main.o(i.inputc) refers to main.o(i.USART2_write) for USART2_write
    main.o(i.main) refers to _scanf_int.o(.text) for _scanf_int
    main.o(i.main) refers to _printf_percent.o(.ARM.Collect$$_printf_percent$$00000000) for _printf_percent
    main.o(i.main) refers to _printf_d.o(.ARM.Collect$$_printf_percent$$00000009) for _printf_d
    main.o(i.main) refers to _printf_dec.o(.text) for _printf_int_dec
    main.o(i.main) refers to main.o(i.UART2_Init) for UART2_Init
    main.o(i.main) refers to main.o(i.delay) for delay
    main.o(i.main) refers to main.o(i.USART_write) for USART_write
    main.o(i.main) refers to noretval__2printf.o(.text) for __2printf
    main.o(i.main) refers to noretval__2fprintf.o(.text) for __2fprintf
    main.o(i.main) refers to __0scanf.o(.text) for __0scanf
    main.o(i.main) refers to gets.o(.text) for gets
    main.o(i.main) refers to puts.o(.text) for puts
    main.o(i.main) refers to main.o(.data) for __stdout
    main.o(i.main) refers to stdio_streams.o(.bss) for __stdout
    main.o(i.main) refers to stdio_streams.o(.bss) for __stderr
    rtx_lib.o(i.__user_perthread_libspace) refers to rtx_lib.o(i.os_kernel_is_active) for os_kernel_is_active
    rtx_lib.o(i.__user_perthread_libspace) refers to rtx_thread.o(.text.osThreadGetId) for osThreadGetId
    rtx_lib.o(i.__user_perthread_libspace) refers to rtx_config.o(i.osRtxErrorNotify) for osRtxErrorNotify
    rtx_lib.o(i.__user_perthread_libspace) refers to rtx_lib.o(.bss.os.libspace) for os_libspace_id
    rtx_lib.o(i._mutex_acquire) refers to rtx_lib.o(i.os_kernel_is_active) for os_kernel_is_active
    rtx_lib.o(i._mutex_acquire) refers to rtx_mutex.o(.text.osMutexAcquire) for osMutexAcquire
    rtx_lib.o(i._mutex_free) refers to rtx_mutex.o(.text.osMutexDelete) for osMutexDelete
    rtx_lib.o(i._mutex_initialize) refers to rtx_mutex.o(.text.osMutexNew) for osMutexNew
    rtx_lib.o(i._mutex_initialize) refers to rtx_config.o(i.osRtxErrorNotify) for osRtxErrorNotify
    rtx_lib.o(i._mutex_release) refers to rtx_lib.o(i.os_kernel_is_active) for os_kernel_is_active
    rtx_lib.o(i._mutex_release) refers to rtx_mutex.o(.text.osMutexRelease) for osMutexRelease
    rtx_lib.o(i._platform_post_stackheap_init) refers to rtx_kernel.o(.text.osKernelInitialize) for osKernelInitialize
    rtx_lib.o(i.os_kernel_is_active) refers to rtx_kernel.o(.text.osKernelGetState) for osKernelGetState
    rtx_lib.o(i.os_kernel_is_active) refers to rtx_lib.o(.data) for os_kernel_active
    rtx_lib.o(.constdata) refers to rtx_lib.o(.bss.os.thread.cb) for os_idle_thread_cb
    rtx_lib.o(.constdata) refers to rtx_lib.o(.bss.os.thread.stack) for os_idle_thread_stack
    rtx_lib.o(.constdata) refers to rtx_lib.o(.bss.os.msgqueue.cb) for os_timer_mq_cb
    rtx_lib.o(.constdata) refers to rtx_lib.o(.bss.os.msgqueue.mem) for os_timer_mq_data
    rtx_lib.o(.data) refers to irq_cm4f.o(.constdata) for irqRtxLib
    rtx_lib.o(.rodata) refers to rtx_lib.o(.bss.os) for os_isr_queue
    rtx_lib.o(.rodata) refers to rtx_lib.o(.constdata) for os_idle_thread_attr
    startup_stm32f407xx.o(STACK) refers (Special) to heapauxi.o(.text) for __use_two_region_memory
    startup_stm32f407xx.o(HEAP) refers (Special) to heapauxi.o(.text) for __use_two_region_memory
    startup_stm32f407xx.o(RESET) refers (Special) to heapauxi.o(.text) for __use_two_region_memory
    startup_stm32f407xx.o(RESET) refers to startup_stm32f407xx.o(STACK) for __initial_sp
    startup_stm32f407xx.o(RESET) refers to startup_stm32f407xx.o(.text) for Reset_Handler
    startup_stm32f407xx.o(RESET) refers to irq_cm4f.o(.text) for SVC_Handler
    startup_stm32f407xx.o(.text) refers (Special) to heapauxi.o(.text) for __use_two_region_memory
    startup_stm32f407xx.o(.text) refers to system_stm32f4xx.o(i.SystemInit) for SystemInit
    startup_stm32f407xx.o(.text) refers to __main.o(!!!main) for __main
    startup_stm32f407xx.o(.text) refers to startup_stm32f407xx.o(HEAP) for Heap_Mem
    startup_stm32f407xx.o(.text) refers to startup_stm32f407xx.o(STACK) for Stack_Mem
    system_stm32f4xx.o(i.SystemCoreClockUpdate) refers to system_stm32f4xx.o(.data) for SystemCoreClock
    system_stm32f4xx.o(i.SystemCoreClockUpdate) refers to system_stm32f4xx.o(.constdata) for AHBPrescTable
    rtx_kernel.o(.ARM.exidx.text.osRtxKernelPreInit) refers to rtx_kernel.o(.text.osRtxKernelPreInit) for [Anonymous Symbol]
    rtx_kernel.o(.text.osKernelInitialize) refers to rtx_kernel.o(.text.osRtxKernelPreInit) for osRtxKernelPreInit
    rtx_kernel.o(.text.osKernelInitialize) refers to rtx_kernel.o(.text.svcRtxKernelInitialize) for svcRtxKernelInitialize
[...]
    rtx_kernel.o(.text.svcRtxKernelStart) refers to os_systick.o(.text.OS_Tick_Enable) for OS_Tick_Enable
    rtx_kernel.o(.text.svcRtxKernelStart) refers to rtx_thread.o(.text.osRtxThreadListGet) for osRtxThreadListGet
    rtx_kernel.o(.text.svcRtxKernelStart) refers to rtx_thread.o(.text.osRtxThreadSwitch) for osRtxThreadSwitch
    rtx_kernel.o(.text.svcRtxKernelStart) refers to rtx_kernel.o(.data.os) for osRtxInfo
    rtx_kernel.o(.text.svcRtxKernelStart) refers to rtx_lib.o(.rodata) for osRtxConfig
    rtx_kernel.o(.text.svcRtxKernelStart) refers to irq_cm4f.o(.text) for SysTick_Handler
    rtx_kernel.o(.ARM.exidx.text.svcRtxKernelStart) refers to rtx_kernel.o(.text.svcRtxKernelStart) for [Anonymous Symbol]
    rtx_kernel.o(.text.svcRtxKernelLock) refers to rtx_kernel.o(.data.os) for osRtxInfo
    rtx_kernel.o(.ARM.exidx.text.svcRtxKernelLock) refers to rtx_kernel.o(.text.svcRtxKernelLock) for [Anonymous Symbol]
    rtx_kernel.o(.text.svcRtxKernelUnlock) refers to rtx_kernel.o(.data.os) for osRtxInfo
    rtx_kernel.o(.ARM.exidx.text.svcRtxKernelUnlock) refers to rtx_kernel.o(.text.svcRtxKernelUnlock) for [Anonymous Symbol]
    rtx_kernel.o(.text.svcRtxKernelRestoreLock) refers to rtx_kernel.o(.data.os) for osRtxInfo
    rtx_kernel.o(.ARM.exidx.text.svcRtxKernelRestoreLock) refers to rtx_kernel.o(.text.svcRtxKernelRestoreLock) for [Anonymous Symbol]
    rtx_kernel.o(.text.svcRtxKernelSuspend) refers to os_systick.o(.text.OS_Tick_Disable) for OS_Tick_Disable
    rtx_kernel.o(.text.svcRtxKernelSuspend) refers to rtx_kernel.o(.data.os) for osRtxInfo
    rtx_kernel.o(.ARM.exidx.text.svcRtxKernelSuspend) refers to rtx_kernel.o(.text.svcRtxKernelSuspend) for [Anonymous Symbol]
    rtx_kernel.o(.text.svcRtxKernelResume) refers to rtx_thread.o(.text.osRtxThreadDelayTick) for osRtxThreadDelayTick
    rtx_kernel.o(.text.svcRtxKernelResume) refers to rtx_thread.o(.text.osRtxThreadDispatch) for osRtxThreadDispatch
    rtx_kernel.o(.text.svcRtxKernelResume) refers to os_systick.o(.text.OS_Tick_Enable) for OS_Tick_Enable
    rtx_kernel.o(.text.svcRtxKernelResume) refers to rtx_kernel.o(.data.os) for osRtxInfo
    rtx_kernel.o(.ARM.exidx.text.svcRtxKernelResume) refers to rtx_kernel.o(.text.svcRtxKernelResume) for [Anonymous Symbol]
    rtx_kernel.o(.data.os) refers to rtx_kernel.o(.rodata.str1.4) for .L.str
    rtx_thread.o(.ARM.exidx.text.osRtxThreadListPut) refers to rtx_thread.o(.text.osRtxThreadListPut) for [Anonymous Symbol]
    rtx_thread.o(.ARM.exidx.text.osRtxThreadListGet) refers to rtx_thread.o(.text.osRtxThreadListGet) for [Anonymous Symbol]
    rtx_thread.o(.text.osRtxThreadListSort) refers to rtx_thread.o(.text.osRtxThreadListRemove) for osRtxThreadListRemove
    rtx_thread.o(.text.osRtxThreadListSort) refers to rtx_thread.o(.text.osRtxThreadListPut) for osRtxThreadListPut
    rtx_thread.o(.ARM.exidx.text.osRtxThreadListSort) refers to rtx_thread.o(.text.osRtxThreadListSort) for [Anonymous Symbol]
    rtx_thread.o(.ARM.exidx.text.osRtxThreadListRemove) refers to rtx_thread.o(.text.osRtxThreadListRemove) for [Anonymous Symbol]
    rtx_thread.o(.text.osRtxThreadReadyPut) refers to rtx_thread.o(.text.osRtxThreadListPut) for osRtxThreadListPut
    rtx_thread.o(.text.osRtxThreadReadyPut) refers to rtx_kernel.o(.data.os) for osRtxInfo
    rtx_thread.o(.ARM.exidx.text.osRtxThreadReadyPut) refers to rtx_thread.o(.text.osRtxThreadReadyPut) for [Anonymous Symbol]
    rtx_thread.o(.text.osRtxThreadDelayTick) refers to rtx_thread.o(.text.osRtxThreadListRemove) for osRtxThreadListRemove
    rtx_thread.o(.text.osRtxThreadDelayTick) refers to rtx_thread.o(.text.osRtxThreadReadyPut) for osRtxThreadReadyPut
    rtx_thread.o(.text.osRtxThreadDelayTick) refers to rtx_kernel.o(.data.os) for osRtxInfo
    rtx_thread.o(.ARM.exidx.text.osRtxThreadDelayTick) refers to rtx_thread.o(.text.osRtxThreadDelayTick) for [Anonymous Symbol]
    rtx_thread.o(.ARM.exidx.text.osRtxThreadRegPtr) refers to rtx_thread.o(.text.osRtxThreadRegPtr) for [Anonymous Symbol]
    rtx_thread.o(.text.osRtxThreadSwitch) refers to rtx_thread.o(.text.osRtxThreadStackCheck) for osRtxThreadStackCheck
    rtx_thread.o(.text.osRtxThreadSwitch) refers to rtx_kernel.o(.data.os) for osRtxInfo
    rtx_thread.o(.ARM.exidx.text.osRtxThreadSwitch) refers to rtx_thread.o(.text.osRtxThreadSwitch) for [Anonymous Symbol]
    rtx_thread.o(.text.osRtxThreadStackCheck) refers to rtx_config.o(i.osRtxErrorNotify) for osRtxErrorNotify
    rtx_thread.o(.text.osRtxThreadStackCheck) refers to rtx_kernel.o(.data.os) for osRtxInfo
    rtx_thread.o(.ARM.exidx.text.osRtxThreadStackCheck) refers to rtx_thread.o(.text.osRtxThreadStackCheck) for [Anonymous Symbol]
    rtx_thread.o(.text.osRtxThreadDispatch) refers to rtx_thread.o(.text.osRtxThreadReadyPut) for osRtxThreadReadyPut
    rtx_thread.o(.text.osRtxThreadDispatch) refers to rtx_thread.o(.text.osRtxThreadListRemove) for osRtxThreadListRemove
    rtx_thread.o(.text.osRtxThreadDispatch) refers to rtx_thread.o(.text.osRtxThreadBlock) for osRtxThreadBlock
    rtx_thread.o(.text.osRtxThreadDispatch) refers to rtx_thread.o(.text.osRtxThreadSwitch) for osRtxThreadSwitch
    rtx_thread.o(.text.osRtxThreadDispatch) refers to rtx_kernel.o(.data.os) for osRtxInfo
    rtx_thread.o(.ARM.exidx.text.osRtxThreadDispatch) refers to rtx_thread.o(.text.osRtxThreadDispatch) for [Anonymous Symbol]
    rtx_thread.o(.text.osRtxThreadBlock) refers to rtx_kernel.o(.data.os) for osRtxInfo
    rtx_thread.o(.ARM.exidx.text.osRtxThreadBlock) refers to rtx_thread.o(.text.osRtxThreadBlock) for [Anonymous Symbol]
    rtx_thread.o(.text.osRtxThreadWaitExit) refers to rtx_thread.o(.text.osRtxThreadDelayRemove) for osRtxThreadDelayRemove
    rtx_thread.o(.text.osRtxThreadWaitExit) refers to rtx_thread.o(.text.osRtxThreadDispatch) for osRtxThreadDispatch
    rtx_thread.o(.text.osRtxThreadWaitExit) refers to rtx_thread.o(.text.osRtxThreadReadyPut) for osRtxThreadReadyPut
    rtx_thread.o(.ARM.exidx.text.osRtxThreadWaitExit) refers to rtx_thread.o(.text.osRtxThreadWaitExit) for [Anonymous Symbol]
    rtx_thread.o(.text.osRtxThreadDelayRemove) refers to rtx_kernel.o(.data.os) for osRtxInfo
    rtx_thread.o(.ARM.exidx.text.osRtxThreadDelayRemove) refers to rtx_thread.o(.text.osRtxThreadDelayRemove) for [Anonymous Symbol]
    rtx_thread.o(.text.osRtxThreadWaitEnter) refers to rtx_thread.o(.text.osRtxThreadDelayInsert) for osRtxThreadDelayInsert
    rtx_thread.o(.text.osRtxThreadWaitEnter) refers to rtx_thread.o(.text.osRtxThreadSwitch) for osRtxThreadSwitch
    rtx_thread.o(.text.osRtxThreadWaitEnter) refers to rtx_kernel.o(.data.os) for osRtxInfo
    rtx_thread.o(.ARM.exidx.text.osRtxThreadWaitEnter) refers to rtx_thread.o(.text.osRtxThreadWaitEnter) for [Anonymous Symbol]
    rtx_thread.o(.text.osRtxThreadDelayInsert) refers to rtx_kernel.o(.data.os) for osRtxInfo
    rtx_thread.o(.ARM.exidx.text.osRtxThreadDelayInsert) refers to rtx_thread.o(.text.osRtxThreadDelayInsert) for [Anonymous Symbol]
    rtx_thread.o(.text.osRtxThreadStartup) refers to rtx_thread.o(.text.svcRtxThreadNew) for svcRtxThreadNew
    rtx_thread.o(.text.osRtxThreadStartup) refers to rtx_lib.o(.rodata) for osRtxConfig
    rtx_thread.o(.text.osRtxThreadStartup) refers to rtx_config.o(i.osRtxIdleThread) for osRtxIdleThread
    rtx_thread.o(.text.osRtxThreadStartup) refers to rtx_kernel.o(.data.os) for osRtxInfo
    rtx_thread.o(.text.osRtxThreadStartup) refers to rtx_timer.o(.text.osRtxTimerThread) for osRtxTimerThread
    rtx_thread.o(.ARM.exidx.text.osRtxThreadStartup) refers to rtx_thread.o(.text.osRtxThreadStartup) for [Anonymous Symbol]
    rtx_thread.o(.text.svcRtxThreadNew) refers to rtx_mempool.o(.text.osRtxMemoryPoolAlloc) for osRtxMemoryPoolAlloc
    rtx_thread.o(.text.svcRtxThreadNew) refers to rtx_memory.o(.text.osRtxMemoryAlloc) for osRtxMemoryAlloc
    rtx_thread.o(.text.svcRtxThreadNew) refers to rtx_mempool.o(.text.osRtxMemoryPoolFree) for osRtxMemoryPoolFree
    rtx_thread.o(.text.svcRtxThreadNew) refers to rtx_memory.o(.text.osRtxMemoryFree) for osRtxMemoryFree
    rtx_thread.o(.text.svcRtxThreadNew) refers to rt_memclr_w.o(.text) for __aeabi_memclr4
    rtx_thread.o(.text.svcRtxThreadNew) refers to rtx_thread.o(.text.osRtxThreadDispatch) for osRtxThreadDispatch
    rtx_thread.o(.text.svcRtxThreadNew) refers to rtx_kernel.o(.data.os) for osRtxInfo
    rtx_thread.o(.text.svcRtxThreadNew) refers to rtx_lib.o(.rodata) for osRtxConfig
    rtx_thread.o(.text.svcRtxThreadNew) refers to rtx_thread.o(.text.osThreadExit) for osThreadExit
    rtx_thread.o(.text.svcRtxThreadNew) refers to rtx_thread.o(.text.osRtxThreadPostProcess) for osRtxThreadPostProcess
    rtx_thread.o(.ARM.exidx.text.svcRtxThreadNew) refers to rtx_thread.o(.text.svcRtxThreadNew) for [Anonymous Symbol]
    rtx_thread.o(.text.osThreadNew) refers to rtx_thread.o(.text.svcRtxThreadNew) for svcRtxThreadNew
    rtx_thread.o(.ARM.exidx.text.osThreadNew) refers to rtx_thread.o(.text.osThreadNew) for [Anonymous Symbol]
    rtx_thread.o(.text.osThreadGetName) refers to rtx_thread.o(.text.svcRtxThreadGetName) for svcRtxThreadGetName
    rtx_thread.o(.ARM.exidx.text.osThreadGetName) refers to rtx_thread.o(.text.osThreadGetName) for [Anonymous Symbol]
    rtx_thread.o(.text.osThreadGetId) refers to rtx_kernel.o(.data.os) for osRtxInfo
    rtx_thread.o(.text.osThreadGetId) refers to rtx_thread.o(.text.svcRtxThreadGetId) for svcRtxThreadGetId
    rtx_thread.o(.ARM.exidx.text.osThreadGetId) refers to rtx_thread.o(.text.osThreadGetId) for [Anonymous Symbol]
    rtx_thread.o(.text.svcRtxThreadGetId) refers to rtx_kernel.o(.data.os) for osRtxInfo
    rtx_thread.o(.ARM.exidx.text.svcRtxThreadGetId) refers to rtx_thread.o(.text.svcRtxThreadGetId) for [Anonymous Symbol]
    rtx_thread.o(.text.osThreadGetState) refers to rtx_thread.o(.text.svcRtxThreadGetState) for svcRtxThreadGetState
    rtx_thread.o(.ARM.exidx.text.osThreadGetState) refers to rtx_thread.o(.text.osThreadGetState) for [Anonymous Symbol]
    rtx_thread.o(.text.osThreadGetStackSize) refers to rtx_thread.o(.text.svcRtxThreadGetStackSize) for svcRtxThreadGetStackSize
    rtx_thread.o(.ARM.exidx.text.osThreadGetStackSize) refers to rtx_thread.o(.text.osThreadGetStackSize) for [Anonymous Symbol]
    rtx_thread.o(.text.osThreadGetStackSpace) refers to rtx_thread.o(.text.svcRtxThreadGetStackSpace) for svcRtxThreadGetStackSpace
    rtx_thread.o(.ARM.exidx.text.osThreadGetStackSpace) refers to rtx_thread.o(.text.osThreadGetStackSpace) for [Anonymous Symbol]
    rtx_thread.o(.text.osThreadSetPriority) refers to rtx_thread.o(.text.svcRtxThreadSetPriority) for svcRtxThreadSetPriority
    rtx_thread.o(.ARM.exidx.text.osThreadSetPriority) refers to rtx_thread.o(.text.osThreadSetPriority) for [Anonymous Symbol]
    rtx_thread.o(.text.osThreadGetPriority) refers to rtx_thread.o(.text.svcRtxThreadGetPriority) for svcRtxThreadGetPriority
    rtx_thread.o(.ARM.exidx.text.osThreadGetPriority) refers to rtx_thread.o(.text.osThreadGetPriority) for [Anonymous Symbol]
    rtx_thread.o(.text.osThreadYield) refers to rtx_thread.o(.text.svcRtxThreadYield) for svcRtxThreadYield
    rtx_thread.o(.ARM.exidx.text.osThreadYield) refers to rtx_thread.o(.text.osThreadYield) for [Anonymous Symbol]
    rtx_thread.o(.text.osThreadSuspend) refers to rtx_thread.o(.text.svcRtxThreadSuspend) for svcRtxThreadSuspend
    rtx_thread.o(.ARM.exidx.text.osThreadSuspend) refers to rtx_thread.o(.text.osThreadSuspend) for [Anonymous Symbol]
    rtx_thread.o(.text.osThreadResume) refers to rtx_thread.o(.text.svcRtxThreadResume) for svcRtxThreadResume
    rtx_thread.o(.ARM.exidx.text.osThreadResume) refers to rtx_thread.o(.text.osThreadResume) for [Anonymous Symbol]
    rtx_thread.o(.text.osThreadDetach) refers to rtx_thread.o(.text.svcRtxThreadDetach) for svcRtxThreadDetach
    rtx_thread.o(.ARM.exidx.text.osThreadDetach) refers to rtx_thread.o(.text.osThreadDetach) for [Anonymous Symbol]
    rtx_thread.o(.text.osThreadJoin) refers to rtx_thread.o(.text.svcRtxThreadJoin) for svcRtxThreadJoin
    rtx_thread.o(.ARM.exidx.text.osThreadJoin) refers to rtx_thread.o(.text.osThreadJoin) for [Anonymous Symbol]
    rtx_thread.o(.text.osThreadExit) refers to rtx_thread.o(.text.svcRtxThreadExit) for svcRtxThreadExit
    rtx_thread.o(.ARM.exidx.text.osThreadExit) refers to rtx_thread.o(.text.osThreadExit) for [Anonymous Symbol]
    rtx_thread.o(.text.osThreadTerminate) refers to rtx_thread.o(.text.svcRtxThreadTerminate) for svcRtxThreadTerminate
    rtx_thread.o(.ARM.exidx.text.osThreadTerminate) refers to rtx_thread.o(.text.osThreadTerminate) for [Anonymous Symbol]
    rtx_thread.o(.text.osThreadGetCount) refers to rtx_thread.o(.text.svcRtxThreadGetCount) for svcRtxThreadGetCount
    rtx_thread.o(.ARM.exidx.text.osThreadGetCount) refers to rtx_thread.o(.text.osThreadGetCount) for [Anonymous Symbol]
    rtx_thread.o(.text.osThreadEnumerate) refers to rtx_thread.o(.text.svcRtxThreadEnumerate) for svcRtxThreadEnumerate
    rtx_thread.o(.ARM.exidx.text.osThreadEnumerate) refers to rtx_thread.o(.text.osThreadEnumerate) for [Anonymous Symbol]
    rtx_thread.o(.text.osThreadFlagsSet) refers to rtx_system.o(.text.osRtxPostProcess) for osRtxPostProcess
    rtx_thread.o(.text.osThreadFlagsSet) refers to rtx_thread.o(.text.svcRtxThreadFlagsSet) for svcRtxThreadFlagsSet
    rtx_thread.o(.ARM.exidx.text.osThreadFlagsSet) refers to rtx_thread.o(.text.osThreadFlagsSet) for [Anonymous Symbol]
    rtx_thread.o(.text.osThreadFlagsClear) refers to rtx_thread.o(.text.svcRtxThreadFlagsClear) for svcRtxThreadFlagsClear
    rtx_thread.o(.ARM.exidx.text.osThreadFlagsClear) refers to rtx_thread.o(.text.osThreadFlagsClear) for [Anonymous Symbol]
    rtx_thread.o(.text.osThreadFlagsGet) refers to rtx_thread.o(.text.svcRtxThreadFlagsGet) for svcRtxThreadFlagsGet
    rtx_thread.o(.ARM.exidx.text.osThreadFlagsGet) refers to rtx_thread.o(.text.osThreadFlagsGet) for [Anonymous Symbol]
    rtx_thread.o(.text.osThreadFlagsWait) refers to rtx_thread.o(.text.svcRtxThreadFlagsWait) for svcRtxThreadFlagsWait
    rtx_thread.o(.ARM.exidx.text.osThreadFlagsWait) refers to rtx_thread.o(.text.osThreadFlagsWait) for [Anonymous Symbol]
    rtx_thread.o(.text.osRtxThreadPostProcess) refers to rtx_thread.o(.text.ThreadFlagsCheck) for ThreadFlagsCheck
    rtx_thread.o(.text.osRtxThreadPostProcess) refers to rtx_thread.o(.text.osRtxThreadWaitExit) for osRtxThreadWaitExit
    rtx_thread.o(.ARM.exidx.text.osRtxThreadPostProcess) refers to rtx_thread.o(.text.osRtxThreadPostProcess) for [Anonymous Symbol]
    rtx_thread.o(.ARM.exidx.text.ThreadFlagsCheck) refers to rtx_thread.o(.text.ThreadFlagsCheck) for [Anonymous Symbol]
    rtx_thread.o(.ARM.exidx.text.svcRtxThreadGetName) refers to rtx_thread.o(.text.svcRtxThreadGetName) for [Anonymous Symbol]
    rtx_thread.o(.ARM.exidx.text.svcRtxThreadGetState) refers to rtx_thread.o(.text.svcRtxThreadGetState) for [Anonymous Symbol]
    rtx_thread.o(.ARM.exidx.text.svcRtxThreadGetStackSize) refers to rtx_thread.o(.text.svcRtxThreadGetStackSize) for [Anonymous Symbol]
    rtx_thread.o(.text.svcRtxThreadGetStackSpace) refers to rtx_lib.o(.rodata) for osRtxConfig
    rtx_thread.o(.ARM.exidx.text.svcRtxThreadGetStackSpace) refers to rtx_thread.o(.text.svcRtxThreadGetStackSpace) for [Anonymous Symbol]
    rtx_thread.o(.text.svcRtxThreadSetPriority) refers to rtx_thread.o(.text.osRtxThreadListSort) for osRtxThreadListSort
    rtx_thread.o(.text.svcRtxThreadSetPriority) refers to rtx_thread.o(.text.osRtxThreadDispatch) for osRtxThreadDispatch
    rtx_thread.o(.ARM.exidx.text.svcRtxThreadSetPriority) refers to rtx_thread.o(.text.svcRtxThreadSetPriority) for [Anonymous Symbol]
    rtx_thread.o(.ARM.exidx.text.svcRtxThreadGetPriority) refers to rtx_thread.o(.text.svcRtxThreadGetPriority) for [Anonymous Symbol]
    rtx_thread.o(.text.svcRtxThreadYield) refers to rtx_thread.o(.text.osRtxThreadListRemove) for osRtxThreadListRemove
    rtx_thread.o(.text.svcRtxThreadYield) refers to rtx_thread.o(.text.osRtxThreadReadyPut) for osRtxThreadReadyPut
    rtx_thread.o(.text.svcRtxThreadYield) refers to rtx_thread.o(.text.osRtxThreadSwitch) for osRtxThreadSwitch
    rtx_thread.o(.text.svcRtxThreadYield) refers to rtx_kernel.o(.data.os) for osRtxInfo
    rtx_thread.o(.ARM.exidx.text.svcRtxThreadYield) refers to rtx_thread.o(.text.svcRtxThreadYield) for [Anonymous Symbol]
    rtx_thread.o(.text.svcRtxThreadSuspend) refers to rtx_thread.o(.text.osRtxThreadListRemove) for osRtxThreadListRemove
    rtx_thread.o(.text.svcRtxThreadSuspend) refers to rtx_thread.o(.text.osRtxThreadDelayRemove) for osRtxThreadDelayRemove
    rtx_thread.o(.text.svcRtxThreadSuspend) refers to rtx_thread.o(.text.osRtxThreadSwitch) for osRtxThreadSwitch
    rtx_thread.o(.text.svcRtxThreadSuspend) refers to rtx_thread.o(.text.osRtxThreadDelayInsert) for osRtxThreadDelayInsert
    rtx_thread.o(.text.svcRtxThreadSuspend) refers to rtx_kernel.o(.data.os) for osRtxInfo
    rtx_thread.o(.ARM.exidx.text.svcRtxThreadSuspend) refers to rtx_thread.o(.text.svcRtxThreadSuspend) for [Anonymous Symbol]
    rtx_thread.o(.text.svcRtxThreadResume) refers to rtx_thread.o(.text.osRtxThreadListRemove) for osRtxThreadListRemove
    rtx_thread.o(.text.svcRtxThreadResume) refers to rtx_thread.o(.text.osRtxThreadDelayRemove) for osRtxThreadDelayRemove
    rtx_thread.o(.text.svcRtxThreadResume) refers to rtx_thread.o(.text.osRtxThreadDispatch) for osRtxThreadDispatch
    rtx_thread.o(.ARM.exidx.text.svcRtxThreadResume) refers to rtx_thread.o(.text.svcRtxThreadResume) for [Anonymous Symbol]
    rtx_thread.o(.text.svcRtxThreadDetach) refers to rtx_thread.o(.text.osRtxThreadListUnlink) for osRtxThreadListUnlink
    rtx_thread.o(.text.svcRtxThreadDetach) refers to rtx_thread.o(.text.osRtxThreadFree) for osRtxThreadFree
    rtx_thread.o(.ARM.exidx.text.svcRtxThreadDetach) refers to rtx_thread.o(.text.svcRtxThreadDetach) for [Anonymous Symbol]
    rtx_thread.o(.text.osRtxThreadListUnlink) refers to rtx_kernel.o(.data.os) for osRtxInfo
    rtx_thread.o(.ARM.exidx.text.osRtxThreadListUnlink) refers to rtx_thread.o(.text.osRtxThreadListUnlink) for [Anonymous Symbol]
    rtx_thread.o(.text.osRtxThreadFree) refers to rtx_memory.o(.text.osRtxMemoryFree) for osRtxMemoryFree
    rtx_thread.o(.text.osRtxThreadFree) refers to rtx_mempool.o(.text.osRtxMemoryPoolFree) for osRtxMemoryPoolFree
    rtx_thread.o(.text.osRtxThreadFree) refers to rtx_kernel.o(.data.os) for osRtxInfo
    rtx_thread.o(.ARM.exidx.text.osRtxThreadFree) refers to rtx_thread.o(.text.osRtxThreadFree) for [Anonymous Symbol]
    rtx_thread.o(.text.svcRtxThreadJoin) refers to rtx_thread.o(.text.osRtxThreadListUnlink) for osRtxThreadListUnlink
    rtx_thread.o(.text.svcRtxThreadJoin) refers to rtx_thread.o(.text.osRtxThreadFree) for osRtxThreadFree
    rtx_thread.o(.text.svcRtxThreadJoin) refers to rtx_thread.o(.text.osRtxThreadWaitEnter) for osRtxThreadWaitEnter
    rtx_thread.o(.text.svcRtxThreadJoin) refers to rtx_kernel.o(.data.os) for osRtxInfo
    rtx_thread.o(.ARM.exidx.text.svcRtxThreadJoin) refers to rtx_thread.o(.text.svcRtxThreadJoin) for [Anonymous Symbol]
    rtx_thread.o(.text.svcRtxThreadExit) refers to rtx_mutex.o(.text.osRtxMutexOwnerRelease) for osRtxMutexOwnerRelease
    rtx_thread.o(.text.svcRtxThreadExit) refers to rtx_thread.o(.text.osRtxThreadWaitExit) for osRtxThreadWaitExit
    rtx_thread.o(.text.svcRtxThreadExit) refers to rtx_thread.o(.text.osRtxThreadSwitch) for osRtxThreadSwitch
    rtx_thread.o(.text.svcRtxThreadExit) refers to rtx_thread.o(.text.osRtxThreadFree) for osRtxThreadFree
    rtx_thread.o(.text.svcRtxThreadExit) refers to rtx_kernel.o(.data.os) for osRtxInfo
    rtx_thread.o(.ARM.exidx.text.svcRtxThreadExit) refers to rtx_thread.o(.text.svcRtxThreadExit) for [Anonymous Symbol]
    rtx_thread.o(.text.svcRtxThreadTerminate) refers to rtx_thread.o(.text.osRtxThreadListRemove) for osRtxThreadListRemove
    rtx_thread.o(.text.svcRtxThreadTerminate) refers to rtx_thread.o(.text.osRtxThreadDelayRemove) for osRtxThreadDelayRemove
    rtx_thread.o(.text.svcRtxThreadTerminate) refers to rtx_mutex.o(.text.osRtxMutexOwnerRelease) for osRtxMutexOwnerRelease
    rtx_thread.o(.text.svcRtxThreadTerminate) refers to rtx_thread.o(.text.osRtxThreadWaitExit) for osRtxThreadWaitExit
    rtx_thread.o(.text.svcRtxThreadTerminate) refers to rtx_thread.o(.text.osRtxThreadSwitch) for osRtxThreadSwitch
    rtx_thread.o(.text.svcRtxThreadTerminate) refers to rtx_thread.o(.text.osRtxThreadDispatch) for osRtxThreadDispatch
    rtx_thread.o(.text.svcRtxThreadTerminate) refers to rtx_thread.o(.text.osRtxThreadFree) for osRtxThreadFree
    rtx_thread.o(.text.svcRtxThreadTerminate) refers to rtx_kernel.o(.data.os) for osRtxInfo
    rtx_thread.o(.ARM.exidx.text.svcRtxThreadTerminate) refers to rtx_thread.o(.text.svcRtxThreadTerminate) for [Anonymous Symbol]
    rtx_thread.o(.text.svcRtxThreadGetCount) refers to rtx_kernel.o(.data.os) for osRtxInfo
    rtx_thread.o(.ARM.exidx.text.svcRtxThreadGetCount) refers to rtx_thread.o(.text.svcRtxThreadGetCount) for [Anonymous Symbol]
    rtx_thread.o(.text.svcRtxThreadEnumerate) refers to rtx_kernel.o(.data.os) for osRtxInfo
    rtx_thread.o(.ARM.exidx.text.svcRtxThreadEnumerate) refers to rtx_thread.o(.text.svcRtxThreadEnumerate) for [Anonymous Symbol]
    rtx_thread.o(.text.svcRtxThreadFlagsSet) refers to rtx_thread.o(.text.ThreadFlagsCheck) for ThreadFlagsCheck
    rtx_thread.o(.text.svcRtxThreadFlagsSet) refers to rtx_thread.o(.text.osRtxThreadWaitExit) for osRtxThreadWaitExit
    rtx_thread.o(.ARM.exidx.text.svcRtxThreadFlagsSet) refers to rtx_thread.o(.text.svcRtxThreadFlagsSet) for [Anonymous Symbol]
    rtx_thread.o(.text.svcRtxThreadFlagsClear) refers to rtx_kernel.o(.data.os) for osRtxInfo
    rtx_thread.o(.ARM.exidx.text.svcRtxThreadFlagsClear) refers to rtx_thread.o(.text.svcRtxThreadFlagsClear) for [Anonymous Symbol]
    rtx_thread.o(.text.svcRtxThreadFlagsGet) refers to rtx_kernel.o(.data.os) for osRtxInfo
    rtx_thread.o(.ARM.exidx.text.svcRtxThreadFlagsGet) refers to rtx_thread.o(.text.svcRtxThreadFlagsGet) for [Anonymous Symbol]
    rtx_thread.o(.text.svcRtxThreadFlagsWait) refers to rtx_thread.o(.text.ThreadFlagsCheck) for ThreadFlagsCheck
    rtx_thread.o(.text.svcRtxThreadFlagsWait) refers to rtx_thread.o(.text.osRtxThreadWaitEnter) for osRtxThreadWaitEnter
    rtx_thread.o(.text.svcRtxThreadFlagsWait) refers to rtx_kernel.o(.data.os) for osRtxInfo
    rtx_thread.o(.ARM.exidx.text.svcRtxThreadFlagsWait) refers to rtx_thread.o(.text.svcRtxThreadFlagsWait) for [Anonymous Symbol]
    rtx_mutex.o(.text.osRtxMutexOwnerRelease) refers to rtx_thread.o(.text.osRtxThreadListGet) for osRtxThreadListGet
    rtx_mutex.o(.text.osRtxMutexOwnerRelease) refers to rtx_thread.o(.text.osRtxThreadWaitExit) for osRtxThreadWaitExit
    rtx_mutex.o(.ARM.exidx.text.osRtxMutexOwnerRelease) refers to rtx_mutex.o(.text.osRtxMutexOwnerRelease) for [Anonymous Symbol]
    rtx_mutex.o(.text.osMutexNew) refers to rtx_mutex.o(.text.svcRtxMutexNew) for svcRtxMutexNew
    rtx_mutex.o(.ARM.exidx.text.osMutexNew) refers to rtx_mutex.o(.text.osMutexNew) for [Anonymous Symbol]
    rtx_mutex.o(.text.osMutexGetName) refers to rtx_mutex.o(.text.svcRtxMutexGetName) for svcRtxMutexGetName
    rtx_mutex.o(.ARM.exidx.text.osMutexGetName) refers to rtx_mutex.o(.text.osMutexGetName) for [Anonymous Symbol]
    rtx_mutex.o(.text.osMutexAcquire) refers to rtx_mutex.o(.text.svcRtxMutexAcquire) for svcRtxMutexAcquire
    rtx_mutex.o(.ARM.exidx.text.osMutexAcquire) refers to rtx_mutex.o(.text.osMutexAcquire) for [Anonymous Symbol]
    rtx_mutex.o(.text.osMutexRelease) refers to rtx_mutex.o(.text.svcRtxMutexRelease) for svcRtxMutexRelease
    rtx_mutex.o(.ARM.exidx.text.osMutexRelease) refers to rtx_mutex.o(.text.osMutexRelease) for [Anonymous Symbol]
    rtx_mutex.o(.text.osMutexGetOwner) refers to rtx_mutex.o(.text.svcRtxMutexGetOwner) for svcRtxMutexGetOwner
    rtx_mutex.o(.ARM.exidx.text.osMutexGetOwner) refers to rtx_mutex.o(.text.osMutexGetOwner) for [Anonymous Symbol]
    rtx_mutex.o(.text.osMutexDelete) refers to rtx_mutex.o(.text.svcRtxMutexDelete) for svcRtxMutexDelete
    rtx_mutex.o(.ARM.exidx.text.osMutexDelete) refers to rtx_mutex.o(.text.osMutexDelete) for [Anonymous Symbol]
    rtx_mutex.o(.text.svcRtxMutexNew) refers to rtx_mempool.o(.text.osRtxMemoryPoolAlloc) for osRtxMemoryPoolAlloc
    rtx_mutex.o(.text.svcRtxMutexNew) refers to rtx_memory.o(.text.osRtxMemoryAlloc) for osRtxMemoryAlloc
    rtx_mutex.o(.text.svcRtxMutexNew) refers to rt_memclr_w.o(.text) for __aeabi_memclr4
    rtx_mutex.o(.text.svcRtxMutexNew) refers to rtx_kernel.o(.data.os) for osRtxInfo
    rtx_mutex.o(.ARM.exidx.text.svcRtxMutexNew) refers to rtx_mutex.o(.text.svcRtxMutexNew) for [Anonymous Symbol]
    rtx_mutex.o(.ARM.exidx.text.svcRtxMutexGetName) refers to rtx_mutex.o(.text.svcRtxMutexGetName) for [Anonymous Symbol]
    rtx_mutex.o(.text.svcRtxMutexAcquire) refers to rtx_thread.o(.text.osRtxThreadListSort) for osRtxThreadListSort
    rtx_mutex.o(.text.svcRtxMutexAcquire) refers to rtx_thread.o(.text.osRtxThreadWaitEnter) for osRtxThreadWaitEnter
    rtx_mutex.o(.text.svcRtxMutexAcquire) refers to rtx_thread.o(.text.osRtxThreadListPut) for osRtxThreadListPut
    rtx_mutex.o(.text.svcRtxMutexAcquire) refers to rtx_kernel.o(.data.os) for osRtxInfo
    rtx_mutex.o(.ARM.exidx.text.svcRtxMutexAcquire) refers to rtx_mutex.o(.text.svcRtxMutexAcquire) for [Anonymous Symbol]
    rtx_mutex.o(.text.svcRtxMutexRelease) refers to rtx_thread.o(.text.osRtxThreadListGet) for osRtxThreadListGet
    rtx_mutex.o(.text.svcRtxMutexRelease) refers to rtx_thread.o(.text.osRtxThreadWaitExit) for osRtxThreadWaitExit
    rtx_mutex.o(.text.svcRtxMutexRelease) refers to rtx_thread.o(.text.osRtxThreadDispatch) for osRtxThreadDispatch
    rtx_mutex.o(.text.svcRtxMutexRelease) refers to rtx_kernel.o(.data.os) for osRtxInfo
    rtx_mutex.o(.ARM.exidx.text.svcRtxMutexRelease) refers to rtx_mutex.o(.text.svcRtxMutexRelease) for [Anonymous Symbol]
    rtx_mutex.o(.ARM.exidx.text.svcRtxMutexGetOwner) refers to rtx_mutex.o(.text.svcRtxMutexGetOwner) for [Anonymous Symbol]
    rtx_mutex.o(.text.svcRtxMutexDelete) refers to rtx_thread.o(.text.osRtxThreadListSort) for osRtxThreadListSort
    rtx_mutex.o(.text.svcRtxMutexDelete) refers to rtx_thread.o(.text.osRtxThreadListGet) for osRtxThreadListGet
    rtx_mutex.o(.text.svcRtxMutexDelete) refers to rtx_thread.o(.text.osRtxThreadWaitExit) for osRtxThreadWaitExit
    rtx_mutex.o(.text.svcRtxMutexDelete) refers to rtx_thread.o(.text.osRtxThreadDispatch) for osRtxThreadDispatch
    rtx_mutex.o(.text.svcRtxMutexDelete) refers to rtx_mempool.o(.text.osRtxMemoryPoolFree) for osRtxMemoryPoolFree
    rtx_mutex.o(.text.svcRtxMutexDelete) refers to rtx_memory.o(.text.osRtxMemoryFree) for osRtxMemoryFree
    rtx_mutex.o(.text.svcRtxMutexDelete) refers to rtx_kernel.o(.data.os) for osRtxInfo
    rtx_mutex.o(.ARM.exidx.text.svcRtxMutexDelete) refers to rtx_mutex.o(.text.svcRtxMutexDelete) for [Anonymous Symbol]
    irq_cm4f.o(.text) refers to rtx_system.o(.text.osRtxPendSV_Handler) for osRtxPendSV_Handler
    irq_cm4f.o(.text) refers to rtx_system.o(.text.osRtxTick_Handler) for osRtxTick_Handler
    irq_cm4f.o(.text) refers to rtx_kernel.o(.data.os) for osRtxInfo
    irq_cm4f.o(.text) refers to rtx_lib.o(.constdata) for osRtxUserSVC
    rtx_timer.o(.text.osRtxTimerThread) refers to rtx_msgqueue.o(.text.osMessageQueueNew) for osMessageQueueNew
    rtx_timer.o(.text.osRtxTimerThread) refers to rtx_msgqueue.o(.text.osMessageQueueGet) for osMessageQueueGet
    rtx_timer.o(.text.osRtxTimerThread) refers to rtx_lib.o(.rodata) for osRtxConfig
    rtx_timer.o(.text.osRtxTimerThread) refers to rtx_kernel.o(.data.os) for osRtxInfo
    rtx_timer.o(.text.osRtxTimerThread) refers to rtx_timer.o(.text.osRtxTimerTick) for osRtxTimerTick
    rtx_timer.o(.ARM.exidx.text.osRtxTimerThread) refers to rtx_timer.o(.text.osRtxTimerThread) for [Anonymous Symbol]
    rtx_timer.o(.text.osRtxTimerTick) refers to rtx_msgqueue.o(.text.osMessageQueuePut) for osMessageQueuePut
    rtx_timer.o(.text.osRtxTimerTick) refers to rtx_config.o(i.osRtxErrorNotify) for osRtxErrorNotify
    rtx_timer.o(.text.osRtxTimerTick) refers to rtx_timer.o(.text.TimerInsert) for TimerInsert
    rtx_timer.o(.text.osRtxTimerTick) refers to rtx_kernel.o(.data.os) for osRtxInfo
    rtx_timer.o(.ARM.exidx.text.osRtxTimerTick) refers to rtx_timer.o(.text.osRtxTimerTick) for [Anonymous Symbol]
    rtx_timer.o(.text.osTimerNew) refers to rtx_timer.o(.text.svcRtxTimerNew) for svcRtxTimerNew
    rtx_timer.o(.ARM.exidx.text.osTimerNew) refers to rtx_timer.o(.text.osTimerNew) for [Anonymous Symbol]
    rtx_timer.o(.text.osTimerGetName) refers to rtx_timer.o(.text.svcRtxTimerGetName) for svcRtxTimerGetName
    rtx_timer.o(.ARM.exidx.text.osTimerGetName) refers to rtx_timer.o(.text.osTimerGetName) for [Anonymous Symbol]
    rtx_timer.o(.text.osTimerStart) refers to rtx_timer.o(.text.svcRtxTimerStart) for svcRtxTimerStart
    rtx_timer.o(.ARM.exidx.text.osTimerStart) refers to rtx_timer.o(.text.osTimerStart) for [Anonymous Symbol]
    rtx_timer.o(.text.osTimerStop) refers to rtx_timer.o(.text.svcRtxTimerStop) for svcRtxTimerStop
    rtx_timer.o(.ARM.exidx.text.osTimerStop) refers to rtx_timer.o(.text.osTimerStop) for [Anonymous Symbol]
    rtx_timer.o(.text.osTimerIsRunning) refers to rtx_timer.o(.text.svcRtxTimerIsRunning) for svcRtxTimerIsRunning
    rtx_timer.o(.ARM.exidx.text.osTimerIsRunning) refers to rtx_timer.o(.text.osTimerIsRunning) for [Anonymous Symbol]
    rtx_timer.o(.text.osTimerDelete) refers to rtx_timer.o(.text.svcRtxTimerDelete) for svcRtxTimerDelete
    rtx_timer.o(.ARM.exidx.text.osTimerDelete) refers to rtx_timer.o(.text.osTimerDelete) for [Anonymous Symbol]
    rtx_timer.o(.text.TimerInsert) refers to rtx_kernel.o(.data.os) for osRtxInfo
    rtx_timer.o(.ARM.exidx.text.TimerInsert) refers to rtx_timer.o(.text.TimerInsert) for [Anonymous Symbol]
    rtx_timer.o(.text.svcRtxTimerNew) refers to rtx_mempool.o(.text.osRtxMemoryPoolAlloc) for osRtxMemoryPoolAlloc
    rtx_timer.o(.text.svcRtxTimerNew) refers to rtx_memory.o(.text.osRtxMemoryAlloc) for osRtxMemoryAlloc
    rtx_timer.o(.text.svcRtxTimerNew) refers to rtx_kernel.o(.data.os) for osRtxInfo
    rtx_timer.o(.ARM.exidx.text.svcRtxTimerNew) refers to rtx_timer.o(.text.svcRtxTimerNew) for [Anonymous Symbol]
    rtx_timer.o(.ARM.exidx.text.svcRtxTimerGetName) refers to rtx_timer.o(.text.svcRtxTimerGetName) for [Anonymous Symbol]
    rtx_timer.o(.text.svcRtxTimerStart) refers to rtx_timer.o(.text.TimerRemove) for TimerRemove
    rtx_timer.o(.text.svcRtxTimerStart) refers to rtx_timer.o(.text.TimerInsert) for TimerInsert
    rtx_timer.o(.text.svcRtxTimerStart) refers to rtx_kernel.o(.data.os) for osRtxInfo
    rtx_timer.o(.ARM.exidx.text.svcRtxTimerStart) refers to rtx_timer.o(.text.svcRtxTimerStart) for [Anonymous Symbol]
    rtx_timer.o(.text.TimerRemove) refers to rtx_kernel.o(.data.os) for osRtxInfo
    rtx_timer.o(.ARM.exidx.text.TimerRemove) refers to rtx_timer.o(.text.TimerRemove) for [Anonymous Symbol]
    rtx_timer.o(.text.svcRtxTimerStop) refers to rtx_timer.o(.text.TimerRemove) for TimerRemove
    rtx_timer.o(.ARM.exidx.text.svcRtxTimerStop) refers to rtx_timer.o(.text.svcRtxTimerStop) for [Anonymous Symbol]
    rtx_timer.o(.ARM.exidx.text.svcRtxTimerIsRunning) refers to rtx_timer.o(.text.svcRtxTimerIsRunning) for [Anonymous Symbol]
    rtx_timer.o(.text.svcRtxTimerDelete) refers to rtx_timer.o(.text.TimerRemove) for TimerRemove
    rtx_timer.o(.text.svcRtxTimerDelete) refers to rtx_mempool.o(.text.osRtxMemoryPoolFree) for osRtxMemoryPoolFree
    rtx_timer.o(.text.svcRtxTimerDelete) refers to rtx_memory.o(.text.osRtxMemoryFree) for osRtxMemoryFree
    rtx_timer.o(.text.svcRtxTimerDelete) refers to rtx_kernel.o(.data.os) for osRtxInfo
    rtx_timer.o(.ARM.exidx.text.svcRtxTimerDelete) refers to rtx_timer.o(.text.svcRtxTimerDelete) for [Anonymous Symbol]
    rtx_memory.o(.ARM.exidx.text.osRtxMemoryInit) refers to rtx_memory.o(.text.osRtxMemoryInit) for [Anonymous Symbol]
    rtx_memory.o(.ARM.exidx.text.osRtxMemoryAlloc) refers to rtx_memory.o(.text.osRtxMemoryAlloc) for [Anonymous Symbol]
    rtx_memory.o(.ARM.exidx.text.osRtxMemoryFree) refers to rtx_memory.o(.text.osRtxMemoryFree) for [Anonymous Symbol]
    rtx_mempool.o(.ARM.exidx.text.osRtxMemoryPoolInit) refers to rtx_mempool.o(.text.osRtxMemoryPoolInit) for [Anonymous Symbol]
    rtx_mempool.o(.ARM.exidx.text.osRtxMemoryPoolAlloc) refers to rtx_mempool.o(.text.osRtxMemoryPoolAlloc) for [Anonymous Symbol]
    rtx_mempool.o(.ARM.exidx.text.osRtxMemoryPoolFree) refers to rtx_mempool.o(.text.osRtxMemoryPoolFree) for [Anonymous Symbol]
    rtx_mempool.o(.text.osMemoryPoolNew) refers to rtx_mempool.o(.text.svcRtxMemoryPoolNew) for svcRtxMemoryPoolNew
    rtx_mempool.o(.ARM.exidx.text.osMemoryPoolNew) refers to rtx_mempool.o(.text.osMemoryPoolNew) for [Anonymous Symbol]
    rtx_mempool.o(.text.osMemoryPoolGetName) refers to rtx_mempool.o(.text.svcRtxMemoryPoolGetName) for svcRtxMemoryPoolGetName
    rtx_mempool.o(.ARM.exidx.text.osMemoryPoolGetName) refers to rtx_mempool.o(.text.osMemoryPoolGetName) for [Anonymous Symbol]
    rtx_mempool.o(.text.osMemoryPoolAlloc) refers to rtx_mempool.o(.text.svcRtxMemoryPoolAlloc) for svcRtxMemoryPoolAlloc
    rtx_mempool.o(.ARM.exidx.text.osMemoryPoolAlloc) refers to rtx_mempool.o(.text.osMemoryPoolAlloc) for [Anonymous Symbol]
    rtx_mempool.o(.text.osMemoryPoolFree) refers to rtx_mempool.o(.text.osRtxMemoryPoolFree) for osRtxMemoryPoolFree
    rtx_mempool.o(.text.osMemoryPoolFree) refers to rtx_system.o(.text.osRtxPostProcess) for osRtxPostProcess
    rtx_mempool.o(.text.osMemoryPoolFree) refers to rtx_mempool.o(.text.svcRtxMemoryPoolFree) for svcRtxMemoryPoolFree
    rtx_mempool.o(.ARM.exidx.text.osMemoryPoolFree) refers to rtx_mempool.o(.text.osMemoryPoolFree) for [Anonymous Symbol]
    rtx_mempool.o(.text.osMemoryPoolGetCapacity) refers to rtx_mempool.o(.text.svcRtxMemoryPoolGetCapacity) for svcRtxMemoryPoolGetCapacity
    rtx_mempool.o(.ARM.exidx.text.osMemoryPoolGetCapacity) refers to rtx_mempool.o(.text.osMemoryPoolGetCapacity) for [Anonymous Symbol]
    rtx_mempool.o(.ARM.exidx.text.svcRtxMemoryPoolGetCapacity) refers to rtx_mempool.o(.text.svcRtxMemoryPoolGetCapacity) for [Anonymous Symbol]
    rtx_mempool.o(.text.osMemoryPoolGetBlockSize) refers to rtx_mempool.o(.text.svcRtxMemoryPoolGetBlockSize) for svcRtxMemoryPoolGetBlockSize
    rtx_mempool.o(.ARM.exidx.text.osMemoryPoolGetBlockSize) refers to rtx_mempool.o(.text.osMemoryPoolGetBlockSize) for [Anonymous Symbol]
    rtx_mempool.o(.ARM.exidx.text.svcRtxMemoryPoolGetBlockSize) refers to rtx_mempool.o(.text.svcRtxMemoryPoolGetBlockSize) for [Anonymous Symbol]
    rtx_mempool.o(.text.osMemoryPoolGetCount) refers to rtx_mempool.o(.text.svcRtxMemoryPoolGetCount) for svcRtxMemoryPoolGetCount
    rtx_mempool.o(.ARM.exidx.text.osMemoryPoolGetCount) refers to rtx_mempool.o(.text.osMemoryPoolGetCount) for [Anonymous Symbol]
    rtx_mempool.o(.ARM.exidx.text.svcRtxMemoryPoolGetCount) refers to rtx_mempool.o(.text.svcRtxMemoryPoolGetCount) for [Anonymous Symbol]
    rtx_mempool.o(.text.osMemoryPoolGetSpace) refers to rtx_mempool.o(.text.svcRtxMemoryPoolGetSpace) for svcRtxMemoryPoolGetSpace
    rtx_mempool.o(.ARM.exidx.text.osMemoryPoolGetSpace) refers to rtx_mempool.o(.text.osMemoryPoolGetSpace) for [Anonymous Symbol]
    rtx_mempool.o(.ARM.exidx.text.svcRtxMemoryPoolGetSpace) refers to rtx_mempool.o(.text.svcRtxMemoryPoolGetSpace) for [Anonymous Symbol]
    rtx_mempool.o(.text.osMemoryPoolDelete) refers to rtx_mempool.o(.text.svcRtxMemoryPoolDelete) for svcRtxMemoryPoolDelete
    rtx_mempool.o(.ARM.exidx.text.osMemoryPoolDelete) refers to rtx_mempool.o(.text.osMemoryPoolDelete) for [Anonymous Symbol]
    rtx_mempool.o(.text.svcRtxMemoryPoolNew) refers to rtx_memory.o(.text.osRtxMemoryAlloc) for osRtxMemoryAlloc
    rtx_mempool.o(.text.svcRtxMemoryPoolNew) refers to rt_memclr.o(.text) for __aeabi_memclr
    rtx_mempool.o(.text.svcRtxMemoryPoolNew) refers to rtx_mempool.o(.text.osRtxMemoryPoolFree) for osRtxMemoryPoolFree
    rtx_mempool.o(.text.svcRtxMemoryPoolNew) refers to rtx_memory.o(.text.osRtxMemoryFree) for osRtxMemoryFree
    rtx_mempool.o(.text.svcRtxMemoryPoolNew) refers to rtx_mempool.o(.text.osRtxMemoryPoolInit) for osRtxMemoryPoolInit
    rtx_mempool.o(.text.svcRtxMemoryPoolNew) refers to rtx_kernel.o(.data.os) for osRtxInfo
    rtx_mempool.o(.text.svcRtxMemoryPoolNew) refers to rtx_mempool.o(.text.osRtxMemoryPoolPostProcess) for osRtxMemoryPoolPostProcess
    rtx_mempool.o(.ARM.exidx.text.svcRtxMemoryPoolNew) refers to rtx_mempool.o(.text.svcRtxMemoryPoolNew) for [Anonymous Symbol]
    rtx_mempool.o(.text.osRtxMemoryPoolPostProcess) refers to rtx_thread.o(.text.osRtxThreadListGet) for osRtxThreadListGet
    rtx_mempool.o(.text.osRtxMemoryPoolPostProcess) refers to rtx_thread.o(.text.osRtxThreadWaitExit) for osRtxThreadWaitExit
    rtx_mempool.o(.ARM.exidx.text.osRtxMemoryPoolPostProcess) refers to rtx_mempool.o(.text.osRtxMemoryPoolPostProcess) for [Anonymous Symbol]
    rtx_mempool.o(.ARM.exidx.text.svcRtxMemoryPoolGetName) refers to rtx_mempool.o(.text.svcRtxMemoryPoolGetName) for [Anonymous Symbol]
    rtx_mempool.o(.text.svcRtxMemoryPoolAlloc) refers to rtx_thread.o(.text.osRtxThreadWaitEnter) for osRtxThreadWaitEnter
    rtx_mempool.o(.text.svcRtxMemoryPoolAlloc) refers to rtx_thread.o(.text.osRtxThreadListPut) for osRtxThreadListPut
    rtx_mempool.o(.text.svcRtxMemoryPoolAlloc) refers to rtx_kernel.o(.data.os) for osRtxInfo
    rtx_mempool.o(.ARM.exidx.text.svcRtxMemoryPoolAlloc) refers to rtx_mempool.o(.text.svcRtxMemoryPoolAlloc) for [Anonymous Symbol]
    rtx_mempool.o(.text.svcRtxMemoryPoolFree) refers to rtx_mempool.o(.text.osRtxMemoryPoolFree) for osRtxMemoryPoolFree
    rtx_mempool.o(.text.svcRtxMemoryPoolFree) refers to rtx_thread.o(.text.osRtxThreadListGet) for osRtxThreadListGet
    rtx_mempool.o(.text.svcRtxMemoryPoolFree) refers to rtx_thread.o(.text.osRtxThreadWaitExit) for osRtxThreadWaitExit
    rtx_mempool.o(.ARM.exidx.text.svcRtxMemoryPoolFree) refers to rtx_mempool.o(.text.svcRtxMemoryPoolFree) for [Anonymous Symbol]
    rtx_mempool.o(.text.svcRtxMemoryPoolDelete) refers to rtx_thread.o(.text.osRtxThreadListGet) for osRtxThreadListGet
    rtx_mempool.o(.text.svcRtxMemoryPoolDelete) refers to rtx_thread.o(.text.osRtxThreadWaitExit) for osRtxThreadWaitExit
    rtx_mempool.o(.text.svcRtxMemoryPoolDelete) refers to rtx_thread.o(.text.osRtxThreadDispatch) for osRtxThreadDispatch
    rtx_mempool.o(.text.svcRtxMemoryPoolDelete) refers to rtx_memory.o(.text.osRtxMemoryFree) for osRtxMemoryFree
    rtx_mempool.o(.text.svcRtxMemoryPoolDelete) refers to rtx_mempool.o(.text.osRtxMemoryPoolFree) for osRtxMemoryPoolFree
    rtx_mempool.o(.text.svcRtxMemoryPoolDelete) refers to rtx_kernel.o(.data.os) for osRtxInfo
    rtx_mempool.o(.ARM.exidx.text.svcRtxMemoryPoolDelete) refers to rtx_mempool.o(.text.svcRtxMemoryPoolDelete) for [Anonymous Symbol]
    rtx_system.o(.text.osRtxTick_Handler) refers to os_systick.o(.text.OS_Tick_AcknowledgeIRQ) for OS_Tick_AcknowledgeIRQ
    rtx_system.o(.text.osRtxTick_Handler) refers to rtx_thread.o(.text.osRtxThreadDelayTick) for osRtxThreadDelayTick
    rtx_system.o(.text.osRtxTick_Handler) refers to rtx_thread.o(.text.osRtxThreadDispatch) for osRtxThreadDispatch
    rtx_system.o(.text.osRtxTick_Handler) refers to rtx_thread.o(.text.osRtxThreadListRemove) for osRtxThreadListRemove
    rtx_system.o(.text.osRtxTick_Handler) refers to rtx_thread.o(.text.osRtxThreadReadyPut) for osRtxThreadReadyPut
    rtx_system.o(.text.osRtxTick_Handler) refers to rtx_thread.o(.text.osRtxThreadSwitch) for osRtxThreadSwitch
    rtx_system.o(.text.osRtxTick_Handler) refers to rtx_kernel.o(.data.os) for osRtxInfo
    rtx_system.o(.ARM.exidx.text.osRtxTick_Handler) refers to rtx_system.o(.text.osRtxTick_Handler) for [Anonymous Symbol]
    rtx_system.o(.text.osRtxPendSV_Handler) refers to rtx_thread.o(.text.osRtxThreadDispatch) for osRtxThreadDispatch
    rtx_system.o(.text.osRtxPendSV_Handler) refers to rtx_kernel.o(.data.os) for osRtxInfo
    rtx_system.o(.ARM.exidx.text.osRtxPendSV_Handler) refers to rtx_system.o(.text.osRtxPendSV_Handler) for [Anonymous Symbol]
    rtx_system.o(.text.osRtxPostProcess) refers to rtx_config.o(i.osRtxErrorNotify) for osRtxErrorNotify
    rtx_system.o(.text.osRtxPostProcess) refers to rtx_kernel.o(.data.os) for osRtxInfo
    rtx_system.o(.ARM.exidx.text.osRtxPostProcess) refers to rtx_system.o(.text.osRtxPostProcess) for [Anonymous Symbol]
    os_systick.o(.text.OS_Tick_Setup) refers to system_stm32f4xx.o(.data) for SystemCoreClock
    os_systick.o(.text.OS_Tick_Setup) refers to os_systick.o(.bss.PendST) for [Anonymous Symbol]
    os_systick.o(.ARM.exidx.text.OS_Tick_Setup) refers to os_systick.o(.text.OS_Tick_Setup) for [Anonymous Symbol]
    os_systick.o(.text.OS_Tick_Enable) refers to os_systick.o(.bss.PendST) for [Anonymous Symbol]
    os_systick.o(.ARM.exidx.text.OS_Tick_Enable) refers to os_systick.o(.text.OS_Tick_Enable) for [Anonymous Symbol]
    os_systick.o(.text.OS_Tick_Disable) refers to os_systick.o(.bss.PendST) for [Anonymous Symbol]
    os_systick.o(.ARM.exidx.text.OS_Tick_Disable) refers to os_systick.o(.text.OS_Tick_Disable) for [Anonymous Symbol]
    os_systick.o(.ARM.exidx.text.OS_Tick_AcknowledgeIRQ) refers to os_systick.o(.text.OS_Tick_AcknowledgeIRQ) for [Anonymous Symbol]
    os_systick.o(.ARM.exidx.text.OS_Tick_GetIRQn) refers to os_systick.o(.text.OS_Tick_GetIRQn) for [Anonymous Symbol]
    os_systick.o(.text.OS_Tick_GetClock) refers to system_stm32f4xx.o(.data) for SystemCoreClock
    os_systick.o(.ARM.exidx.text.OS_Tick_GetClock) refers to os_systick.o(.text.OS_Tick_GetClock) for [Anonymous Symbol]
    os_systick.o(.ARM.exidx.text.OS_Tick_GetInterval) refers to os_systick.o(.text.OS_Tick_GetInterval) for [Anonymous Symbol]
    os_systick.o(.ARM.exidx.text.OS_Tick_GetCount) refers to os_systick.o(.text.OS_Tick_GetCount) for [Anonymous Symbol]
    os_systick.o(.ARM.exidx.text.OS_Tick_GetOverflow) refers to os_systick.o(.text.OS_Tick_GetOverflow) for [Anonymous Symbol]
    rtx_msgqueue.o(.text.osMessageQueueNew) refers to rtx_msgqueue.o(.text.svcRtxMessageQueueNew) for svcRtxMessageQueueNew
    rtx_msgqueue.o(.ARM.exidx.text.osMessageQueueNew) refers to rtx_msgqueue.o(.text.osMessageQueueNew) for [Anonymous Symbol]
    rtx_msgqueue.o(.text.osMessageQueueGetName) refers to rtx_msgqueue.o(.text.svcRtxMessageQueueGetName) for svcRtxMessageQueueGetName
    rtx_msgqueue.o(.ARM.exidx.text.osMessageQueueGetName) refers to rtx_msgqueue.o(.text.osMessageQueueGetName) for [Anonymous Symbol]
    rtx_msgqueue.o(.text.osMessageQueuePut) refers to rtx_mempool.o(.text.osRtxMemoryPoolAlloc) for osRtxMemoryPoolAlloc
    rtx_msgqueue.o(.text.osMessageQueuePut) refers to rt_memcpy_v6.o(.text) for __aeabi_memcpy
    rtx_msgqueue.o(.text.osMessageQueuePut) refers to rtx_system.o(.text.osRtxPostProcess) for osRtxPostProcess
    rtx_msgqueue.o(.text.osMessageQueuePut) refers to rtx_msgqueue.o(.text.svcRtxMessageQueuePut) for svcRtxMessageQueuePut
    rtx_msgqueue.o(.ARM.exidx.text.osMessageQueuePut) refers to rtx_msgqueue.o(.text.osMessageQueuePut) for [Anonymous Symbol]
    rtx_msgqueue.o(.text.osMessageQueueGet) refers to rtx_msgqueue.o(.text.MessageQueueGet) for MessageQueueGet
    rtx_msgqueue.o(.text.osMessageQueueGet) refers to rt_memcpy_v6.o(.text) for __aeabi_memcpy
    rtx_msgqueue.o(.text.osMessageQueueGet) refers to rtx_system.o(.text.osRtxPostProcess) for osRtxPostProcess
    rtx_msgqueue.o(.text.osMessageQueueGet) refers to rtx_msgqueue.o(.text.svcRtxMessageQueueGet) for svcRtxMessageQueueGet
    rtx_msgqueue.o(.ARM.exidx.text.osMessageQueueGet) refers to rtx_msgqueue.o(.text.osMessageQueueGet) for [Anonymous Symbol]
    rtx_msgqueue.o(.text.osMessageQueueGetCapacity) refers to rtx_msgqueue.o(.text.svcRtxMessageQueueGetCapacity) for svcRtxMessageQueueGetCapacity
    rtx_msgqueue.o(.ARM.exidx.text.osMessageQueueGetCapacity) refers to rtx_msgqueue.o(.text.osMessageQueueGetCapacity) for [Anonymous Symbol]
    rtx_msgqueue.o(.ARM.exidx.text.svcRtxMessageQueueGetCapacity) refers to rtx_msgqueue.o(.text.svcRtxMessageQueueGetCapacity) for [Anonymous Symbol]
    rtx_msgqueue.o(.text.osMessageQueueGetMsgSize) refers to rtx_msgqueue.o(.text.svcRtxMessageQueueGetMsgSize) for svcRtxMessageQueueGetMsgSize
    rtx_msgqueue.o(.ARM.exidx.text.osMessageQueueGetMsgSize) refers to rtx_msgqueue.o(.text.osMessageQueueGetMsgSize) for [Anonymous Symbol]
    rtx_msgqueue.o(.ARM.exidx.text.svcRtxMessageQueueGetMsgSize) refers to rtx_msgqueue.o(.text.svcRtxMessageQueueGetMsgSize) for [Anonymous Symbol]
    rtx_msgqueue.o(.text.osMessageQueueGetCount) refers to rtx_msgqueue.o(.text.svcRtxMessageQueueGetCount) for svcRtxMessageQueueGetCount
    rtx_msgqueue.o(.ARM.exidx.text.osMessageQueueGetCount) refers to rtx_msgqueue.o(.text.osMessageQueueGetCount) for [Anonymous Symbol]
    rtx_msgqueue.o(.ARM.exidx.text.svcRtxMessageQueueGetCount) refers to rtx_msgqueue.o(.text.svcRtxMessageQueueGetCount) for [Anonymous Symbol]
    rtx_msgqueue.o(.text.osMessageQueueGetSpace) refers to rtx_msgqueue.o(.text.svcRtxMessageQueueGetSpace) for svcRtxMessageQueueGetSpace
    rtx_msgqueue.o(.ARM.exidx.text.osMessageQueueGetSpace) refers to rtx_msgqueue.o(.text.osMessageQueueGetSpace) for [Anonymous Symbol]
    rtx_msgqueue.o(.ARM.exidx.text.svcRtxMessageQueueGetSpace) refers to rtx_msgqueue.o(.text.svcRtxMessageQueueGetSpace) for [Anonymous Symbol]
    rtx_msgqueue.o(.text.osMessageQueueReset) refers to rtx_msgqueue.o(.text.svcRtxMessageQueueReset) for svcRtxMessageQueueReset
    rtx_msgqueue.o(.ARM.exidx.text.osMessageQueueReset) refers to rtx_msgqueue.o(.text.osMessageQueueReset) for [Anonymous Symbol]
    rtx_msgqueue.o(.text.osMessageQueueDelete) refers to rtx_msgqueue.o(.text.svcRtxMessageQueueDelete) for svcRtxMessageQueueDelete
    rtx_msgqueue.o(.ARM.exidx.text.osMessageQueueDelete) refers to rtx_msgqueue.o(.text.osMessageQueueDelete) for [Anonymous Symbol]
    rtx_msgqueue.o(.text.svcRtxMessageQueueNew) refers to rtx_mempool.o(.text.osRtxMemoryPoolAlloc) for osRtxMemoryPoolAlloc
    rtx_msgqueue.o(.text.svcRtxMessageQueueNew) refers to rtx_memory.o(.text.osRtxMemoryAlloc) for osRtxMemoryAlloc
    rtx_msgqueue.o(.text.svcRtxMessageQueueNew) refers to rt_memclr.o(.text) for __aeabi_memclr
    rtx_msgqueue.o(.text.svcRtxMessageQueueNew) refers to rtx_mempool.o(.text.osRtxMemoryPoolFree) for osRtxMemoryPoolFree
    rtx_msgqueue.o(.text.svcRtxMessageQueueNew) refers to rtx_memory.o(.text.osRtxMemoryFree) for osRtxMemoryFree
    rtx_msgqueue.o(.text.svcRtxMessageQueueNew) refers to rtx_mempool.o(.text.osRtxMemoryPoolInit) for osRtxMemoryPoolInit
    rtx_msgqueue.o(.text.svcRtxMessageQueueNew) refers to rtx_kernel.o(.data.os) for osRtxInfo
    rtx_msgqueue.o(.text.svcRtxMessageQueueNew) refers to rtx_msgqueue.o(.text.osRtxMessageQueuePostProcess) for osRtxMessageQueuePostProcess
    rtx_msgqueue.o(.ARM.exidx.text.svcRtxMessageQueueNew) refers to rtx_msgqueue.o(.text.svcRtxMessageQueueNew) for [Anonymous Symbol]
    rtx_msgqueue.o(.text.osRtxMessageQueuePostProcess) refers to rtx_msgqueue.o(.text.MessageQueueRemove) for MessageQueueRemove
    rtx_msgqueue.o(.text.osRtxMessageQueuePostProcess) refers to rtx_mempool.o(.text.osRtxMemoryPoolFree) for osRtxMemoryPoolFree
    rtx_msgqueue.o(.text.osRtxMessageQueuePostProcess) refers to rtx_mempool.o(.text.osRtxMemoryPoolAlloc) for osRtxMemoryPoolAlloc
    rtx_msgqueue.o(.text.osRtxMessageQueuePostProcess) refers to rtx_thread.o(.text.osRtxThreadListGet) for osRtxThreadListGet
    rtx_msgqueue.o(.text.osRtxMessageQueuePostProcess) refers to rtx_thread.o(.text.osRtxThreadWaitExit) for osRtxThreadWaitExit
    rtx_msgqueue.o(.text.osRtxMessageQueuePostProcess) refers to rtx_thread.o(.text.osRtxThreadRegPtr) for osRtxThreadRegPtr
    rtx_msgqueue.o(.text.osRtxMessageQueuePostProcess) refers to rt_memcpy_v6.o(.text) for __aeabi_memcpy
    rtx_msgqueue.o(.text.osRtxMessageQueuePostProcess) refers to rtx_msgqueue.o(.text.MessageQueuePut) for MessageQueuePut
    rtx_msgqueue.o(.ARM.exidx.text.osRtxMessageQueuePostProcess) refers to rtx_msgqueue.o(.text.osRtxMessageQueuePostProcess) for [Anonymous Symbol]
    rtx_msgqueue.o(.ARM.exidx.text.MessageQueueRemove) refers to rtx_msgqueue.o(.text.MessageQueueRemove) for [Anonymous Symbol]
    rtx_msgqueue.o(.ARM.exidx.text.MessageQueuePut) refers to rtx_msgqueue.o(.text.MessageQueuePut) for [Anonymous Symbol]
    rtx_msgqueue.o(.ARM.exidx.text.svcRtxMessageQueueGetName) refers to rtx_msgqueue.o(.text.svcRtxMessageQueueGetName) for [Anonymous Symbol]
    rtx_msgqueue.o(.text.svcRtxMessageQueuePut) refers to rtx_thread.o(.text.osRtxThreadListGet) for osRtxThreadListGet
    rtx_msgqueue.o(.text.svcRtxMessageQueuePut) refers to rtx_thread.o(.text.osRtxThreadWaitExit) for osRtxThreadWaitExit
    rtx_msgqueue.o(.text.svcRtxMessageQueuePut) refers to rtx_thread.o(.text.osRtxThreadRegPtr) for osRtxThreadRegPtr
    rtx_msgqueue.o(.text.svcRtxMessageQueuePut) refers to rt_memcpy_v6.o(.text) for __aeabi_memcpy
    rtx_msgqueue.o(.text.svcRtxMessageQueuePut) refers to rtx_mempool.o(.text.osRtxMemoryPoolAlloc) for osRtxMemoryPoolAlloc
    rtx_msgqueue.o(.text.svcRtxMessageQueuePut) refers to rtx_msgqueue.o(.text.MessageQueuePut) for MessageQueuePut
    rtx_msgqueue.o(.text.svcRtxMessageQueuePut) refers to rtx_thread.o(.text.osRtxThreadWaitEnter) for osRtxThreadWaitEnter
    rtx_msgqueue.o(.text.svcRtxMessageQueuePut) refers to rtx_thread.o(.text.osRtxThreadListPut) for osRtxThreadListPut
    rtx_msgqueue.o(.text.svcRtxMessageQueuePut) refers to rtx_kernel.o(.data.os) for osRtxInfo
    rtx_msgqueue.o(.ARM.exidx.text.svcRtxMessageQueuePut) refers to rtx_msgqueue.o(.text.svcRtxMessageQueuePut) for [Anonymous Symbol]
    rtx_msgqueue.o(.ARM.exidx.text.MessageQueueGet) refers to rtx_msgqueue.o(.text.MessageQueueGet) for [Anonymous Symbol]
    rtx_msgqueue.o(.text.svcRtxMessageQueueGet) refers to rtx_msgqueue.o(.text.MessageQueueGet) for MessageQueueGet
    rtx_msgqueue.o(.text.svcRtxMessageQueueGet) refers to rtx_msgqueue.o(.text.MessageQueueRemove) for MessageQueueRemove
    rtx_msgqueue.o(.text.svcRtxMessageQueueGet) refers to rt_memcpy_v6.o(.text) for __aeabi_memcpy
    rtx_msgqueue.o(.text.svcRtxMessageQueueGet) refers to rtx_mempool.o(.text.osRtxMemoryPoolFree) for osRtxMemoryPoolFree
    rtx_msgqueue.o(.text.svcRtxMessageQueueGet) refers to rtx_mempool.o(.text.osRtxMemoryPoolAlloc) for osRtxMemoryPoolAlloc
    rtx_msgqueue.o(.text.svcRtxMessageQueueGet) refers to rtx_thread.o(.text.osRtxThreadListGet) for osRtxThreadListGet
    rtx_msgqueue.o(.text.svcRtxMessageQueueGet) refers to rtx_thread.o(.text.osRtxThreadWaitExit) for osRtxThreadWaitExit
    rtx_msgqueue.o(.text.svcRtxMessageQueueGet) refers to rtx_thread.o(.text.osRtxThreadRegPtr) for osRtxThreadRegPtr
    rtx_msgqueue.o(.text.svcRtxMessageQueueGet) refers to rtx_msgqueue.o(.text.MessageQueuePut) for MessageQueuePut
    rtx_msgqueue.o(.text.svcRtxMessageQueueGet) refers to rtx_thread.o(.text.osRtxThreadWaitEnter) for osRtxThreadWaitEnter
    rtx_msgqueue.o(.text.svcRtxMessageQueueGet) refers to rtx_thread.o(.text.osRtxThreadListPut) for osRtxThreadListPut
    rtx_msgqueue.o(.text.svcRtxMessageQueueGet) refers to rtx_kernel.o(.data.os) for osRtxInfo
    rtx_msgqueue.o(.ARM.exidx.text.svcRtxMessageQueueGet) refers to rtx_msgqueue.o(.text.svcRtxMessageQueueGet) for [Anonymous Symbol]
    rtx_msgqueue.o(.text.svcRtxMessageQueueReset) refers to rtx_msgqueue.o(.text.MessageQueueRemove) for MessageQueueRemove
    rtx_msgqueue.o(.text.svcRtxMessageQueueReset) refers to rtx_mempool.o(.text.osRtxMemoryPoolFree) for osRtxMemoryPoolFree
    rtx_msgqueue.o(.text.svcRtxMessageQueueReset) refers to rtx_msgqueue.o(.text.MessageQueueGet) for MessageQueueGet
    rtx_msgqueue.o(.text.svcRtxMessageQueueReset) refers to rtx_mempool.o(.text.osRtxMemoryPoolAlloc) for osRtxMemoryPoolAlloc
    rtx_msgqueue.o(.text.svcRtxMessageQueueReset) refers to rtx_thread.o(.text.osRtxThreadListGet) for osRtxThreadListGet
    rtx_msgqueue.o(.text.svcRtxMessageQueueReset) refers to rtx_thread.o(.text.osRtxThreadWaitExit) for osRtxThreadWaitExit
    rtx_msgqueue.o(.text.svcRtxMessageQueueReset) refers to rtx_thread.o(.text.osRtxThreadRegPtr) for osRtxThreadRegPtr
    rtx_msgqueue.o(.text.svcRtxMessageQueueReset) refers to rt_memcpy_v6.o(.text) for __aeabi_memcpy
    rtx_msgqueue.o(.text.svcRtxMessageQueueReset) refers to rtx_msgqueue.o(.text.MessageQueuePut) for MessageQueuePut
    rtx_msgqueue.o(.text.svcRtxMessageQueueReset) refers to rtx_thread.o(.text.osRtxThreadDispatch) for osRtxThreadDispatch
    rtx_msgqueue.o(.ARM.exidx.text.svcRtxMessageQueueReset) refers to rtx_msgqueue.o(.text.svcRtxMessageQueueReset) for [Anonymous Symbol]
    rtx_msgqueue.o(.text.svcRtxMessageQueueDelete) refers to rtx_thread.o(.text.osRtxThreadListGet) for osRtxThreadListGet
    rtx_msgqueue.o(.text.svcRtxMessageQueueDelete) refers to rtx_thread.o(.text.osRtxThreadWaitExit) for osRtxThreadWaitExit
    rtx_msgqueue.o(.text.svcRtxMessageQueueDelete) refers to rtx_thread.o(.text.osRtxThreadDispatch) for osRtxThreadDispatch
    rtx_msgqueue.o(.text.svcRtxMessageQueueDelete) refers to rtx_memory.o(.text.osRtxMemoryFree) for osRtxMemoryFree
    rtx_msgqueue.o(.text.svcRtxMessageQueueDelete) refers to rtx_mempool.o(.text.osRtxMemoryPoolFree) for osRtxMemoryPoolFree
    rtx_msgqueue.o(.text.svcRtxMessageQueueDelete) refers to rtx_kernel.o(.data.os) for osRtxInfo
    rtx_msgqueue.o(.ARM.exidx.text.svcRtxMessageQueueDelete) refers to rtx_msgqueue.o(.text.svcRtxMessageQueueDelete) for [Anonymous Symbol]
    __2printf.o(.text) refers to _printf_char_file.o(.text) for _printf_char_file
    __2printf.o(.text) refers to main.o(.data) for __stdout
    __2printf.o(.text) refers to stdio_streams.o(.bss) for __stdout
    __2fprintf.o(.text) refers to _printf_char_file.o(.text) for _printf_char_file
    noretval__2printf.o(.text) refers to _printf_char_file.o(.text) for _printf_char_file
    noretval__2printf.o(.text) refers to main.o(.data) for __stdout
    noretval__2printf.o(.text) refers to stdio_streams.o(.bss) for __stdout
    noretval__2fprintf.o(.text) refers to _printf_char_file.o(.text) for _printf_char_file
    __printf.o(.text) refers to _printf_percent.o(.ARM.Collect$$_printf_percent$$00000000) for _printf_percent
    _printf_dec.o(.text) refers to _printf_intcommon.o(.text) for _printf_int_common
    __printf_flags.o(.text) refers to _printf_percent.o(.ARM.Collect$$_printf_percent$$00000000) for _printf_percent
    __printf_flags.o(.text) refers to __printf_flags.o(.constdata) for .constdata
    __printf_ss.o(.text) refers to _printf_percent.o(.ARM.Collect$$_printf_percent$$00000000) for _printf_percent
    __printf_flags_ss.o(.text) refers to _printf_percent.o(.ARM.Collect$$_printf_percent$$00000000) for _printf_percent
    __printf_flags_ss.o(.text) refers to __printf_flags_ss.o(.constdata) for .constdata
    __printf_wp.o(.text) refers to __printf_wp.o(i._is_digit) for _is_digit
    __printf_wp.o(.text) refers to _printf_percent.o(.ARM.Collect$$_printf_percent$$00000000) for _printf_percent
    __printf_flags_wp.o(.text) refers to __printf_wp.o(i._is_digit) for _is_digit
    __printf_flags_wp.o(.text) refers to _printf_percent.o(.ARM.Collect$$_printf_percent$$00000000) for _printf_percent
    __printf_flags_wp.o(.text) refers to __printf_flags_wp.o(.constdata) for .constdata
    __printf_ss_wp.o(.text) refers to __printf_wp.o(i._is_digit) for _is_digit
    __printf_ss_wp.o(.text) refers to _printf_percent.o(.ARM.Collect$$_printf_percent$$00000000) for _printf_percent
    __printf_flags_ss_wp.o(.text) refers to __printf_wp.o(i._is_digit) for _is_digit
    __printf_flags_ss_wp.o(.text) refers to _printf_percent.o(.ARM.Collect$$_printf_percent$$00000000) for _printf_percent
    __printf_flags_ss_wp.o(.text) refers to __printf_flags_ss_wp.o(.constdata) for .constdata
    _printf_d.o(.ARM.Collect$$_printf_percent$$00000009) refers (Weak) to _printf_dec.o(.text) for _printf_int_dec
    _printf_percent.o(.ARM.Collect$$_printf_percent$$00000000) refers (Special) to _printf_percent_end.o(.ARM.Collect$$_printf_percent$$00000017) for _printf_percent_end
    __0scanf.o(.text) refers to scanf_char_file.o(.text) for __vfscanf_char_file
    __0scanf.o(.text) refers to main.o(.data) for __stdin
    __0scanf.o(.text) refers to stdio_streams.o(.bss) for __stdin
    _scanf_int.o(.text) refers to _chval.o(.text) for _chval
    gets.o(.text) refers to main.o(i.fgetc) for fgetc
    gets.o(.text) refers to ferror_locked.o(.text) for ferror
    gets.o(.text) refers to main.o(.data) for __stdin
    gets.o(.text) refers to stdio_streams.o(.bss) for __stdin
    puts.o(.text) refers to fputc_locked.o(.text) for fputc
    puts.o(.text) refers to main.o(.data) for __stdout
    puts.o(.text) refers to stdio_streams.o(.bss) for __stdout
    rt_memcpy_v6.o(.text) refers to rt_memcpy_w.o(.text) for __aeabi_memcpy4
    rt_memclr.o(.text) refers to rt_memclr_w.o(.text) for _memset_w
    __main.o(!!!main) refers to __rtentry.o(.ARM.Collect$$rtentry$$00000000) for __rt_entry
    __rtentry.o(.ARM.Collect$$rtentry$$00000000) refers (Special) to __rtentry2.o(.ARM.Collect$$rtentry$$0000000A) for __rt_entry_li
    __rtentry.o(.ARM.Collect$$rtentry$$00000000) refers (Special) to __rtentry2.o(.ARM.Collect$$rtentry$$0000000D) for __rt_entry_main
    __rtentry.o(.ARM.Collect$$rtentry$$00000000) refers (Special) to __rtentry2.o(.ARM.Collect$$rtentry$$0000000C) for __rt_entry_postli_1
    __rtentry.o(.ARM.Collect$$rtentry$$00000000) refers (Special) to __rtentry2.o(.ARM.Collect$$rtentry$$00000008) for __rt_entry_postsh_1
    __rtentry.o(.ARM.Collect$$rtentry$$00000000) refers (Special) to __rtentry2.o(.ARM.Collect$$rtentry$$00000002) for __rt_entry_presh_1
    __rtentry.o(.ARM.Collect$$rtentry$$00000000) refers (Special) to __rtentry4.o(.ARM.Collect$$rtentry$$00000004) for __rt_entry_sh
    _printf_char_file.o(.text) refers to _printf_char_common.o(.text) for _printf_char_common
    _printf_char_file.o(.text) refers to ferror_locked.o(.text) for ferror
    _printf_char_file.o(.text) refers to fputc_locked.o(.text) for fputc
    scanf_char_file.o(.text) refers to scanf_char.o(.text) for __vfscanf_char
    scanf_char_file.o(.text) refers to main.o(i.fgetc) for fgetc
    scanf_char_file.o(.text) refers to backspace_locked.o(.text) for __backspace
    fputc.o(i.fputc) refers to flsbuf.o(.text) for __flsbuf_byte
    fputc_locked.o(.text) refers (Weak) to rtx_lib.o(i._mutex_acquire) for _mutex_acquire
    fputc_locked.o(.text) refers to fputc.o(i.fputc) for _fputc$unlocked
    fputc_locked.o(.text) refers (Weak) to rtx_lib.o(i._mutex_release) for _mutex_release
    ferror_locked.o(.text) refers (Weak) to rtx_lib.o(i._mutex_acquire) for _mutex_acquire
    ferror_locked.o(.text) refers (Weak) to rtx_lib.o(i._mutex_release) for _mutex_release
    __rtentry2.o(.ARM.Collect$$rtentry$$00000008) refers to rtx_lib.o(i._platform_post_stackheap_init) for _platform_post_stackheap_init
    __rtentry2.o(.ARM.Collect$$rtentry$$0000000A) refers to libinit.o(.ARM.Collect$$libinit$$00000000) for __rt_lib_init
    __rtentry2.o(.ARM.Collect$$rtentry$$0000000B) refers to boardinit3.o(.text) for _platform_post_lib_init
    __rtentry2.o(.ARM.Collect$$rtentry$$0000000D) refers to main.o(i.main) for main
    __rtentry2.o(.ARM.Collect$$rtentry$$0000000D) refers to exit.o(.text) for exit
    __rtentry2.o(.ARM.exidx) refers to __rtentry2.o(.ARM.Collect$$rtentry$$00000001) for .ARM.Collect$$rtentry$$00000001
    __rtentry2.o(.ARM.exidx) refers to __rtentry2.o(.ARM.Collect$$rtentry$$00000008) for .ARM.Collect$$rtentry$$00000008
    __rtentry2.o(.ARM.exidx) refers to __rtentry2.o(.ARM.Collect$$rtentry$$0000000A) for .ARM.Collect$$rtentry$$0000000A
    __rtentry2.o(.ARM.exidx) refers to __rtentry2.o(.ARM.Collect$$rtentry$$0000000B) for .ARM.Collect$$rtentry$$0000000B
    __rtentry2.o(.ARM.exidx) refers to __rtentry2.o(.ARM.Collect$$rtentry$$0000000D) for .ARM.Collect$$rtentry$$0000000D
    __rtentry4.o(.ARM.Collect$$rtentry$$00000004) refers to sys_stackheap_outer.o(.text) for __user_setup_stackheap
    __rtentry4.o(.ARM.exidx) refers to __rtentry4.o(.ARM.Collect$$rtentry$$00000004) for .ARM.Collect$$rtentry$$00000004
    _printf_char_common.o(.text) refers to __printf.o(.text) for __printf
    scanf_char.o(.text) refers to _scanf.o(.text) for __vfscanf
    scanf_char.o(.text) refers to isspace.o(.text) for isspace
    backspace.o(.text) refers to ungetc.o(.text) for _ungetc_internal
    flsbuf.o(.text) refers to stdio.o(.text) for _deferredlazyseek
    flsbuf.o(.text) refers to sys_io.o(.text) for _sys_flen
    flsbuf.o(.text) refers to h1_alloc_mt.o(.text) for malloc
    backspace_locked.o(.text) refers (Weak) to rtx_lib.o(i._mutex_acquire) for _mutex_acquire
    backspace_locked.o(.text) refers to backspace.o(.text) for ___backspace$unlocked
    backspace_locked.o(.text) refers (Weak) to rtx_lib.o(i._mutex_release) for _mutex_release
    flsbuf_fwide.o(.text) refers to flsbuf.o(.text) for __flsbuf
    sys_io.o(.text) refers (Special) to use_no_semi.o(.text) for __I$use$semihosting
    sys_io.o(.text) refers (Special) to indicate_semi.o(.text) for __semihosting_library_function
    sys_io.o(.text) refers to strlen.o(.text) for strlen
    sys_io.o(.constdata) refers (Special) to use_no_semi.o(.text) for __I$use$semihosting
    sys_io.o(.constdata) refers (Special) to indicate_semi.o(.text) for __semihosting_library_function
    sys_io.o(.constdata) refers (Special) to use_no_semi.o(.text) for __I$use$semihosting
    sys_io.o(.constdata) refers (Special) to indicate_semi.o(.text) for __semihosting_library_function
    sys_io.o(.constdata) refers (Special) to use_no_semi.o(.text) for __I$use$semihosting
    sys_io.o(.constdata) refers (Special) to indicate_semi.o(.text) for __semihosting_library_function
    sys_stackheap_outer.o(.text) refers to libspace.o(.text) for __user_perproc_libspace
    sys_stackheap_outer.o(.text) refers to startup_stm32f407xx.o(.text) for __user_initial_stackheap
    malloc.o(.text) refers (Special) to hguard.o(.text) for __heap$guard
    malloc.o(.text) refers (Special) to init_alloc.o(.text) for _init_alloc
    malloc.o(.text) refers to rt_heap_descriptor_twolibspace.o(.text) for __rt_heap_descriptor
    malloc.o(.text) refers to heapstubs.o(.text) for __Heap_Alloc
    h1_alloc.o(.text) refers (Special) to h1_init_mt.o(.text) for __Heap_Initialize
    h1_alloc.o(.text) refers to rt_heap_descriptor_twolibspace.o(.text) for __rt_heap_descriptor
    h1_alloc.o(.text) refers to init_alloc.o(.text) for __Heap_Full
    h1_alloc_mt.o(.text) refers (Special) to h1_init_mt.o(.text) for __Heap_Initialize
    h1_alloc_mt.o(.text) refers (Weak) to rtx_lib.o(i._mutex_acquire) for _mutex_acquire
    h1_alloc_mt.o(.text) refers (Weak) to rtx_lib.o(i._mutex_release) for _mutex_release
    h1_alloc_mt.o(.text) refers to init_alloc.o(.text) for __Heap_Full
    h1_alloc_mt.o(.text) refers (Weak) to rtx_lib.o(i._mutex_release) for _mutex_release
    h1_alloc_mt.o(.text) refers to rt_heap_descriptor_twolibspace.o(.text) for __rt_heap_descriptor
    heap2.o(i._FDIterate) refers to heap2.o(.conststring) for .conststring
    heap2.o(i.___Heap_ProvideMemory$realtime) refers to fdtree.o(i._FDTree_Delete) for _FDTree_Delete
    heap2.o(i.___Heap_ProvideMemory$realtime) refers to fdtree.o(i._FDTree_Insert) for _FDTree_Insert
    heap2.o(i.___Heap_Stats$realtime) refers to heap2.o(i._Heap2_StatsIterate) for _Heap2_StatsIterate
    heap2.o(i.___Heap_Valid$realtime) refers to heap2.o(i._FDIterate) for _FDIterate
    heap2.o(i.___Heap_Valid$realtime) refers to heap2.o(.conststring) for .conststring
    heap2.o(i._free$realtime) refers to rt_heap_descriptor_twolibspace.o(.text) for __rt_heap_descriptor
    heap2.o(i._free$realtime) refers to fdtree.o(i._FDTree_Delete) for _FDTree_Delete
    heap2.o(i._free$realtime) refers to fdtree.o(i._FDTree_Insert) for _FDTree_Insert
    heap2.o(i._malloc$realtime) refers to rt_heap_descriptor_twolibspace.o(.text) for __rt_heap_descriptor
    heap2.o(i._malloc$realtime) refers to fdtree.o(i._FDTree_FindFirst) for _FDTree_FindFirst
    heap2.o(i._malloc$realtime) refers to init_alloc.o(.text) for __Heap_Full
    heap2.o(i._malloc$realtime) refers to fdtree.o(i._FDTree_RemoveNode) for _FDTree_RemoveNode
    heap2.o(i._malloc$realtime) refers to fdtree.o(i._FDTree_Insert) for _FDTree_Insert
    heap2.o(i._posix_memalign$realtime) refers to rt_heap_descriptor_twolibspace.o(.text) for __rt_heap_descriptor
    heap2.o(i._posix_memalign$realtime) refers to fdtree.o(i._FDTree_FindFirst) for _FDTree_FindFirst
    heap2.o(i._posix_memalign$realtime) refers to init_alloc.o(.text) for __Heap_Full
    heap2.o(i._posix_memalign$realtime) refers to fdtree.o(i._FDTree_RemoveNode) for _FDTree_RemoveNode
    heap2.o(i._posix_memalign$realtime) refers to fdtree.o(i._FDTree_Insert) for _FDTree_Insert
    heap2.o(i._realloc$realtime) refers to rt_heap_descriptor_twolibspace.o(.text) for __rt_heap_descriptor
    heap2.o(i._realloc$realtime) refers to fdtree.o(i._FDTree_Insert) for _FDTree_Insert
    heap2.o(i._realloc$realtime) refers to h1_free_mt.o(.text) for free
    heap2.o(i._realloc$realtime) refers to h1_alloc_mt.o(.text) for malloc
    heap2.o(i._realloc$realtime) refers to fdtree.o(i._FDTree_Delete) for _FDTree_Delete
    heap2.o(i._realloc$realtime) refers to rt_memcpy_w.o(.text) for __aeabi_memcpy4
    heap2mt.o(i._FDIterate) refers to heap2mt.o(.conststring) for .conststring
    heap2mt.o(i.___Heap_Finalize$realtime$concurrent) refers (Weak) to rtx_lib.o(i._mutex_free) for _mutex_free
    heap2mt.o(i.___Heap_Initialize$realtime$concurrent) refers to rtx_lib.o(i._mutex_initialize) for _mutex_initialize
    heap2mt.o(i.___Heap_ProvideMemory$realtime$concurrent) refers to fdtree.o(i._FDTree_Delete) for _FDTree_Delete
    heap2mt.o(i.___Heap_ProvideMemory$realtime$concurrent) refers to fdtree.o(i._FDTree_Insert) for _FDTree_Insert
    heap2mt.o(i.___Heap_Stats$realtime$concurrent) refers (Weak) to rtx_lib.o(i._mutex_acquire) for _mutex_acquire
    heap2mt.o(i.___Heap_Stats$realtime$concurrent) refers to heap2mt.o(i._Heap2_StatsIterate) for _Heap2_StatsIterate
    heap2mt.o(i.___Heap_Stats$realtime$concurrent) refers (Weak) to rtx_lib.o(i._mutex_release) for _mutex_release
    heap2mt.o(i.___Heap_Valid$realtime$concurrent) refers (Weak) to rtx_lib.o(i._mutex_acquire) for _mutex_acquire
    heap2mt.o(i.___Heap_Valid$realtime$concurrent) refers to heap2mt.o(i._FDIterate) for _FDIterate
    heap2mt.o(i.___Heap_Valid$realtime$concurrent) refers (Weak) to rtx_lib.o(i._mutex_release) for _mutex_release
    heap2mt.o(i.___Heap_Valid$realtime$concurrent) refers to heap2mt.o(.conststring) for .conststring
    heap2mt.o(i._free$realtime$concurrent) refers to rt_heap_descriptor_twolibspace.o(.text) for __rt_heap_descriptor
    heap2mt.o(i._free$realtime$concurrent) refers (Weak) to rtx_lib.o(i._mutex_acquire) for _mutex_acquire
    heap2mt.o(i._free$realtime$concurrent) refers to fdtree.o(i._FDTree_Delete) for _FDTree_Delete
    heap2mt.o(i._free$realtime$concurrent) refers to fdtree.o(i._FDTree_Insert) for _FDTree_Insert
    heap2mt.o(i._free$realtime$concurrent) refers (Weak) to rtx_lib.o(i._mutex_release) for _mutex_release
    heap2mt.o(i._malloc$realtime$concurrent) refers to rt_heap_descriptor_twolibspace.o(.text) for __rt_heap_descriptor
    heap2mt.o(i._malloc$realtime$concurrent) refers (Weak) to rtx_lib.o(i._mutex_acquire) for _mutex_acquire
    heap2mt.o(i._malloc$realtime$concurrent) refers to fdtree.o(i._FDTree_FindFirst) for _FDTree_FindFirst
    heap2mt.o(i._malloc$realtime$concurrent) refers to init_alloc.o(.text) for __Heap_Full
    heap2mt.o(i._malloc$realtime$concurrent) refers to fdtree.o(i._FDTree_RemoveNode) for _FDTree_RemoveNode
    heap2mt.o(i._malloc$realtime$concurrent) refers to fdtree.o(i._FDTree_Insert) for _FDTree_Insert
    heap2mt.o(i._malloc$realtime$concurrent) refers (Weak) to rtx_lib.o(i._mutex_release) for _mutex_release
    heap2mt.o(i._malloc$realtime$concurrent) refers (Weak) to rtx_lib.o(i._mutex_release) for _mutex_release
    heap2mt.o(i._posix_memalign$realtime$concurrent) refers to rt_heap_descriptor_twolibspace.o(.text) for __rt_heap_descriptor
    heap2mt.o(i._posix_memalign$realtime$concurrent) refers (Weak) to rtx_lib.o(i._mutex_acquire) for _mutex_acquire
    heap2mt.o(i._posix_memalign$realtime$concurrent) refers to fdtree.o(i._FDTree_FindFirst) for _FDTree_FindFirst
    heap2mt.o(i._posix_memalign$realtime$concurrent) refers to init_alloc.o(.text) for __Heap_Full
    heap2mt.o(i._posix_memalign$realtime$concurrent) refers to fdtree.o(i._FDTree_RemoveNode) for _FDTree_RemoveNode
    heap2mt.o(i._posix_memalign$realtime$concurrent) refers to fdtree.o(i._FDTree_Insert) for _FDTree_Insert
    heap2mt.o(i._posix_memalign$realtime$concurrent) refers (Weak) to rtx_lib.o(i._mutex_release) for _mutex_release
    heap2mt.o(i._realloc$realtime$concurrent) refers to rt_heap_descriptor_twolibspace.o(.text) for __rt_heap_descriptor
    heap2mt.o(i._realloc$realtime$concurrent) refers (Weak) to rtx_lib.o(i._mutex_acquire) for _mutex_acquire
    heap2mt.o(i._realloc$realtime$concurrent) refers to fdtree.o(i._FDTree_Insert) for _FDTree_Insert
    heap2mt.o(i._realloc$realtime$concurrent) refers to h1_free_mt.o(.text) for free
    heap2mt.o(i._realloc$realtime$concurrent) refers to h1_alloc_mt.o(.text) for malloc
    heap2mt.o(i._realloc$realtime$concurrent) refers to fdtree.o(i._FDTree_Delete) for _FDTree_Delete
    heap2mt.o(i._realloc$realtime$concurrent) refers (Weak) to rtx_lib.o(i._mutex_release) for _mutex_release
    heap2mt.o(i._realloc$realtime$concurrent) refers to rt_memcpy_w.o(.text) for __aeabi_memcpy4
    heap2mt.o(i._realloc$realtime$concurrent) refers (Weak) to rtx_lib.o(i._mutex_release) for _mutex_release
    heap2mt.o(i._realloc$realtime$concurrent) refers (Weak) to rtx_lib.o(i._mutex_release) for _mutex_release
    isspace.o(.text) refers to rt_ctype_table.o(.text) for __rt_ctype_table
    _printf_char_file_locked.o(.text) refers (Weak) to rtx_lib.o(i._mutex_acquire) for _mutex_acquire
    _printf_char_file_locked.o(.text) refers to _printf_char_common.o(.text) for _printf_char_common
    _printf_char_file_locked.o(.text) refers (Weak) to rtx_lib.o(i._mutex_release) for _mutex_release
    _printf_char_file_locked.o(.text) refers to fputc.o(i.fputc) for _fputc$unlocked
    _scanf.o(.text) refers (Weak) to _scanf_int.o(.text) for _scanf_int
    stdio.o(.text) refers to sys_io.o(.text) for _sys_seek
    fwritefast.o(.text) refers to stdio.o(.text) for _writebuf
    fwritefast.o(.text) refers to flsbuf.o(.text) for __flsbuf_byte
    fwritefast.o(.text) refers to rt_memcpy_v6.o(.text) for __aeabi_memcpy
    puts_locked.o(.text) refers (Weak) to rtx_lib.o(i._mutex_acquire) for _mutex_acquire
    puts_locked.o(.text) refers to fputc.o(i.fputc) for _fputc$unlocked
    puts_locked.o(.text) refers (Weak) to rtx_lib.o(i._mutex_release) for _mutex_release
    puts_locked.o(.text) refers to main.o(.data) for __stdout
    puts_locked.o(.text) refers to stdio_streams.o(.bss) for __stdout
    fwritefast_locked.o(.text) refers (Weak) to rtx_lib.o(i._mutex_acquire) for _mutex_acquire
    fwritefast_locked.o(.text) refers to stdio.o(.text) for _writebuf
    fwritefast_locked.o(.text) refers to flsbuf.o(.text) for __flsbuf_byte
    fwritefast_locked.o(.text) refers (Weak) to rtx_lib.o(i._mutex_release) for _mutex_release
    fwritefast_locked.o(.text) refers to rt_memcpy_v6.o(.text) for __aeabi_memcpy
    exit.o(.text) refers to rtexit.o(.ARM.Collect$$rtexit$$00000000) for __rt_exit
    assert_stdio.o(.text) refers to fputs.o(.text) for fputs
    assert_stdio.o(.text) refers to fflush_locked.o(.text) for fflush
    assert_stdio.o(.text) refers to main.o(.data) for __stderr
    assert_stdio.o(.text) refers to stdio_streams.o(.bss) for __stderr
    libinit.o(.ARM.Collect$$libinit$$00000000) refers (Special) to libinit2.o(.ARM.Collect$$libinit$$0000002E) for __rt_lib_init_alloca_1
    libinit.o(.ARM.Collect$$libinit$$00000000) refers (Special) to libinit2.o(.ARM.Collect$$libinit$$0000002C) for __rt_lib_init_argv_1
    libinit.o(.ARM.Collect$$libinit$$00000000) refers (Special) to libinit2.o(.ARM.Collect$$libinit$$0000001B) for __rt_lib_init_atexit_1
    libinit.o(.ARM.Collect$$libinit$$00000000) refers (Special) to libinit2.o(.ARM.Collect$$libinit$$00000021) for __rt_lib_init_clock_1
    libinit.o(.ARM.Collect$$libinit$$00000000) refers (Special) to libinit2.o(.ARM.Collect$$libinit$$00000032) for __rt_lib_init_cpp_1
    libinit.o(.ARM.Collect$$libinit$$00000000) refers (Special) to libinit2.o(.ARM.Collect$$libinit$$00000030) for __rt_lib_init_exceptions_1
    libinit.o(.ARM.Collect$$libinit$$00000000) refers (Special) to libinit2.o(.ARM.Collect$$libinit$$00000001) for __rt_lib_init_fp_1
    libinit.o(.ARM.Collect$$libinit$$00000000) refers (Special) to libinit2.o(.ARM.Collect$$libinit$$0000001F) for __rt_lib_init_fp_trap_1
    libinit.o(.ARM.Collect$$libinit$$00000000) refers (Special) to libinit2.o(.ARM.Collect$$libinit$$00000023) for __rt_lib_init_getenv_1
    libinit.o(.ARM.Collect$$libinit$$00000000) refers (Special) to libinit2.o(.ARM.Collect$$libinit$$0000000A) for __rt_lib_init_heap_1
    libinit.o(.ARM.Collect$$libinit$$00000000) refers (Special) to libinit2.o(.ARM.Collect$$libinit$$00000011) for __rt_lib_init_lc_collate_1
    libinit.o(.ARM.Collect$$libinit$$00000000) refers (Special) to libinit2.o(.ARM.Collect$$libinit$$00000013) for __rt_lib_init_lc_ctype_1
    libinit.o(.ARM.Collect$$libinit$$00000000) refers (Special) to libinit2.o(.ARM.Collect$$libinit$$00000015) for __rt_lib_init_lc_monetary_1
    libinit.o(.ARM.Collect$$libinit$$00000000) refers (Special) to libinit2.o(.ARM.Collect$$libinit$$00000017) for __rt_lib_init_lc_numeric_1
    libinit.o(.ARM.Collect$$libinit$$00000000) refers (Special) to libinit2.o(.ARM.Collect$$libinit$$00000019) for __rt_lib_init_lc_time_1
    libinit.o(.ARM.Collect$$libinit$$00000000) refers (Special) to libinit2.o(.ARM.Collect$$libinit$$00000004) for __rt_lib_init_preinit_1
    libinit.o(.ARM.Collect$$libinit$$00000000) refers (Special) to libinit2.o(.ARM.Collect$$libinit$$0000000E) for __rt_lib_init_rand_1
    libinit.o(.ARM.Collect$$libinit$$00000000) refers (Special) to libinit2.o(.ARM.Collect$$libinit$$00000033) for __rt_lib_init_return
    libinit.o(.ARM.Collect$$libinit$$00000000) refers (Special) to libinit2.o(.ARM.Collect$$libinit$$0000001D) for __rt_lib_init_signal_1
    libinit.o(.ARM.Collect$$libinit$$00000000) refers (Special) to libinit2.o(.ARM.Collect$$libinit$$00000025) for __rt_lib_init_stdio_1
    libinit.o(.ARM.Collect$$libinit$$00000000) refers (Special) to libinit2.o(.ARM.Collect$$libinit$$0000000C) for __rt_lib_init_user_alloc_1
    libspace.o(.text) refers to libspace.o(.bss) for __libspace_start
    rtexit.o(.ARM.Collect$$rtexit$$00000000) refers (Special) to rtexit2.o(.ARM.Collect$$rtexit$$00000004) for __rt_exit_exit
    rtexit.o(.ARM.Collect$$rtexit$$00000000) refers (Special) to rtexit2.o(.ARM.Collect$$rtexit$$00000003) for __rt_exit_ls
    rtexit.o(.ARM.Collect$$rtexit$$00000000) refers (Special) to rtexit2.o(.ARM.Collect$$rtexit$$00000002) for __rt_exit_prels_1
    rtexit.o(.ARM.exidx) refers (Special) to rtexit2.o(.ARM.Collect$$rtexit$$00000004) for __rt_exit_exit
    rtexit.o(.ARM.exidx) refers (Special) to rtexit2.o(.ARM.Collect$$rtexit$$00000003) for __rt_exit_ls
    rtexit.o(.ARM.exidx) refers (Special) to rtexit2.o(.ARM.Collect$$rtexit$$00000002) for __rt_exit_prels_1
    rtexit.o(.ARM.exidx) refers to rtexit.o(.ARM.Collect$$rtexit$$00000000) for .ARM.Collect$$rtexit$$00000000
    rt_ctype_table.o(.text) refers to rt_locale_twolibspace.o(.text) for __rt_locale
    rt_ctype_table.o(.text) refers to lc_ctype_c.o(locale$$code) for _get_lc_ctype
    rt_heap_descriptor.o(.text) refers to rt_heap_descriptor.o(.bss) for __rt_heap_descriptor_data
    rt_heap_descriptor_intlibspace.o(.text) refers to libspace.o(.bss) for __libspace_start
    rt_heap_descriptor_twolibspace.o(.text) refers to libspace.o(.text) for __user_perproc_libspace
    init_alloc.o(.text) refers (Special) to hguard.o(.text) for __heap$guard
    init_alloc.o(.text) refers (Special) to libinit2.o(.ARM.Collect$$libinit$$00000005) for __rt_lib_init_heap_2
    init_alloc.o(.text) refers (Special) to maybetermalloc2.o(.emb_text) for _maybe_terminate_alloc
    init_alloc.o(.text) refers to h1_extend_mt.o(.text) for __Heap_ProvideMemory
    init_alloc.o(.text) refers to defsig_rtmem_outer.o(.text) for __rt_SIGRTMEM
    init_alloc.o(.text) refers to rt_heap_descriptor_twolibspace.o(.text) for __rt_heap_descriptor
    init_alloc.o(.text) refers to h1_init_mt.o(.text) for __Heap_Initialize
    free.o(.text) refers (Special) to hguard.o(.text) for __heap$guard
    free.o(.text) refers to rt_heap_descriptor_twolibspace.o(.text) for __rt_heap_descriptor
    free.o(.text) refers to heapstubs.o(.text) for __Heap_Free
    h1_free.o(.text) refers to rt_heap_descriptor_twolibspace.o(.text) for __rt_heap_descriptor
    h1_init_mt.o(.text) refers to rtx_lib.o(i._mutex_initialize) for _mutex_initialize
    h1_free_mt.o(.text) refers (Weak) to rtx_lib.o(i._mutex_acquire) for _mutex_acquire
    h1_free_mt.o(.text) refers (Weak) to rtx_lib.o(i._mutex_release) for _mutex_release
    h1_free_mt.o(.text) refers to rt_heap_descriptor_twolibspace.o(.text) for __rt_heap_descriptor
    fflush.o(.text) refers to stdio.o(.text) for _fflush
    fflush.o(.text) refers to fseek.o(.text) for _fseek
    fflush.o(.text) refers to main.o(.data) for __stdin
    fflush.o(.text) refers to stdio_streams.o(.bss) for __stdin
    fputs.o(.text) refers to fputc_locked.o(.text) for fputc
    fputs_locked.o(.text) refers (Weak) to rtx_lib.o(i._mutex_acquire) for _mutex_acquire
    fputs_locked.o(.text) refers to fputc.o(i.fputc) for _fputc$unlocked
    fputs_locked.o(.text) refers (Weak) to rtx_lib.o(i._mutex_release) for _mutex_release
    fflush_locked.o(.text) refers (Weak) to rtx_lib.o(i._mutex_acquire) for _mutex_acquire
    fflush_locked.o(.text) refers to stdio.o(.text) for _fflush
    fflush_locked.o(.text) refers to fseek.o(.text) for _fseek
    fflush_locked.o(.text) refers (Weak) to rtx_lib.o(i._mutex_release) for _mutex_release
    fflush_locked.o(.text) refers (Weak) to rtx_lib.o(i._mutex_acquire) for _mutex_acquire
    fflush_locked.o(.text) refers (Weak) to rtx_lib.o(i._mutex_release) for _mutex_release
    fflush_locked.o(.text) refers to streamlock.o(.data) for _stream_list_lock
    fflush_locked.o(.text) refers to main.o(.data) for __stdin
    fflush_locked.o(.text) refers to stdio_streams.o(.bss) for __stdin
    _get_argv.o(.text) refers (Special) to hrguard.o(.text) for __heap_region$guard
    _get_argv.o(.text) refers to h1_alloc_mt.o(.text) for malloc
    _get_argv.o(.text) refers to defsig_rtmem_outer.o(.text) for __rt_SIGRTMEM
    _get_argv.o(.text) refers to sys_command.o(.text) for _sys_command_string
    libinit2.o(.ARM.Collect$$libinit$$00000001) refers to fpinit.o(x$fpl$fpinit) for _fp_init
    libinit2.o(.ARM.Collect$$libinit$$00000005) refers (Weak) to init_alloc.o(.text) for _init_alloc
    libinit2.o(.ARM.Collect$$libinit$$0000000F) refers (Weak) to rt_locale_twolibspace.o(.text) for __rt_locale
    libinit2.o(.ARM.Collect$$libinit$$00000010) refers to libinit2.o(.ARM.Collect$$libinit$$0000000F) for .ARM.Collect$$libinit$$0000000F
    libinit2.o(.ARM.Collect$$libinit$$00000012) refers to libinit2.o(.ARM.Collect$$libinit$$0000000F) for .ARM.Collect$$libinit$$0000000F
    libinit2.o(.ARM.Collect$$libinit$$00000012) refers (Weak) to lc_ctype_c.o(locale$$code) for _get_lc_ctype
    libinit2.o(.ARM.Collect$$libinit$$00000014) refers to libinit2.o(.ARM.Collect$$libinit$$0000000F) for .ARM.Collect$$libinit$$0000000F
    libinit2.o(.ARM.Collect$$libinit$$00000016) refers to libinit2.o(.ARM.Collect$$libinit$$0000000F) for .ARM.Collect$$libinit$$0000000F
    libinit2.o(.ARM.Collect$$libinit$$00000018) refers to libinit2.o(.ARM.Collect$$libinit$$0000000F) for .ARM.Collect$$libinit$$0000000F
    libinit2.o(.ARM.Collect$$libinit$$00000024) refers (Weak) to initio_locked.o(.text) for _initio
    libinit2.o(.ARM.Collect$$libinit$$00000026) refers to argv_veneer.o(.emb_text) for __ARM_argv_veneer
    libinit2.o(.ARM.Collect$$libinit$$00000027) refers to argv_veneer.o(.emb_text) for __ARM_argv_veneer
    sys_command.o(.text) refers (Special) to use_no_semi.o(.text) for __I$use$semihosting
    sys_command.o(.text) refers (Special) to indicate_semi.o(.text) for __semihosting_library_function
    rtexit2.o(.ARM.Collect$$rtexit$$00000003) refers to libshutdown.o(.ARM.Collect$$libshutdown$$00000000) for __rt_lib_shutdown
    rtexit2.o(.ARM.Collect$$rtexit$$00000004) refers to sys_exit.o(.text) for _sys_exit
    rtexit2.o(.ARM.exidx) refers to rtexit2.o(.ARM.Collect$$rtexit$$00000001) for .ARM.Collect$$rtexit$$00000001
    rtexit2.o(.ARM.exidx) refers to rtexit2.o(.ARM.Collect$$rtexit$$00000003) for .ARM.Collect$$rtexit$$00000003
    rtexit2.o(.ARM.exidx) refers to rtexit2.o(.ARM.Collect$$rtexit$$00000004) for .ARM.Collect$$rtexit$$00000004
    rt_locale.o(.text) refers to rt_locale.o(.bss) for __rt_locale_data
    rt_locale_intlibspace.o(.text) refers to libspace.o(.bss) for __libspace_start
    rt_locale_twolibspace.o(.text) refers to libspace.o(.text) for __user_perproc_libspace
    maybetermalloc2.o(.emb_text) refers (Special) to term_alloc.o(.text) for _terminate_alloc
    h1_extend.o(.text) refers to h1_free_mt.o(.text) for free
    h1_extend_mt.o(.text) refers to h1_free_mt.o(.text) for _free_internal
    fseek.o(.text) refers to sys_io.o(.text) for _sys_istty
    fseek.o(.text) refers to ftell.o(.text) for _ftell_internal
    fseek.o(.text) refers to stdio.o(.text) for _seterr
    streamlock.o(.data) refers (Special) to initio_locked.o(.text) for _initio
    lc_ctype_c.o(locale$$data) refers (Special) to libinit2.o(.ARM.Collect$$libinit$$00000012) for __rt_lib_init_lc_ctype_2
    lc_ctype_c.o(locale$$code) refers (Special) to libinit2.o(.ARM.Collect$$libinit$$00000012) for __rt_lib_init_lc_ctype_2
    lc_ctype_c.o(locale$$code) refers to strcmpv7m.o(.text) for strcmp
    lc_ctype_c.o(locale$$code) refers to lc_ctype_c.o(locale$$data) for __lcctype_c_name
    defsig_rtmem_outer.o(.text) refers to defsig_rtmem_inner.o(.text) for __rt_SIGRTMEM_inner
    defsig_rtmem_outer.o(.text) refers to defsig_exit.o(.text) for __sig_exit
    defsig_rtmem_formal.o(.text) refers to rt_raise.o(.text) for __rt_raise
    heapauxa.o(.text) refers to heapauxa.o(.data) for .data
    argv_veneer.o(.emb_text) refers to no_argv.o(.text) for __ARM_get_argv
    sys_exit.o(.text) refers (Special) to use_no_semi.o(.text) for __I$use$semihosting
    sys_exit.o(.text) refers (Special) to indicate_semi.o(.text) for __semihosting_library_function
    rt_raise.o(.text) refers to __raise.o(.text) for __raise
    rt_raise.o(.text) refers to sys_exit.o(.text) for _sys_exit
    term_alloc.o(.text) refers (Special) to libshutdown2.o(.ARM.Collect$$libshutdown$$0000000D) for __rt_lib_shutdown_heap_2
    term_alloc.o(.text) refers to rt_heap_descriptor_twolibspace.o(.text) for __rt_heap_descriptor
    term_alloc.o(.text) refers to h1_final_mt.o(.text) for __Heap_Finalize
    ftell.o(.text) refers to rt_errno_addr_twolibspace.o(.text) for __aeabi_errno_addr
    initio.o(.text) refers (Special) to libinit2.o(.ARM.Collect$$libinit$$00000024) for __rt_lib_init_stdio_2
    initio.o(.text) refers (Special) to libshutdown2.o(.ARM.Collect$$libshutdown$$00000003) for __rt_lib_shutdown_stdio_2
    initio.o(.text) refers to rt_memclr_w.o(.text) for __aeabi_memclr4
    initio.o(.text) refers to fopen_locked.o(.text) for freopen
    initio.o(.text) refers to defsig_rtred_outer.o(.text) for __rt_SIGRTRED
    initio.o(.text) refers to setvbuf_locked.o(.text) for setvbuf
    initio.o(.text) refers to fclose.o(.text) for _fclose_internal
    initio.o(.text) refers to h1_free_mt.o(.text) for free
    initio.o(.text) refers to main.o(.data) for __stdin
    initio.o(.text) refers to stdio_streams.o(.bss) for __stdin
    initio.o(.text) refers to stdio_streams.o(.bss) for __stdout
    initio.o(.text) refers to stdio_streams.o(.bss) for __stderr
    initio.o(.text) refers to stdio_streams.o(.data) for __aeabi_stdin
    initio.o(.text) refers to stdio_streams.o(.data) for __aeabi_stdout
    initio.o(.text) refers to stdio_streams.o(.data) for __aeabi_stderr
    initio.o(.text) refers to sys_io.o(.constdata) for __stdin_name
    initio.o(.text) refers to sys_io.o(.constdata) for __stdout_name
    initio.o(.text) refers to sys_io.o(.constdata) for __stderr_name
    initio_locked.o(.text) refers (Special) to libinit2.o(.ARM.Collect$$libinit$$00000024) for __rt_lib_init_stdio_2
    initio_locked.o(.text) refers (Special) to libshutdown2.o(.ARM.Collect$$libshutdown$$00000003) for __rt_lib_shutdown_stdio_2
    initio_locked.o(.text) refers to rt_memclr_w.o(.text) for __aeabi_memclr4
    initio_locked.o(.text) refers to rtx_lib.o(i._mutex_initialize) for _mutex_initialize
    initio_locked.o(.text) refers to fopen_locked.o(.text) for freopen
    initio_locked.o(.text) refers to defsig_rtred_outer.o(.text) for __rt_SIGRTRED
    initio_locked.o(.text) refers to setvbuf_locked.o(.text) for setvbuf
    initio_locked.o(.text) refers (Weak) to rtx_lib.o(i._mutex_acquire) for _mutex_acquire
    initio_locked.o(.text) refers (Weak) to rtx_lib.o(i._mutex_acquire) for _mutex_acquire
    initio_locked.o(.text) refers to fclose.o(.text) for _fclose_internal
    initio_locked.o(.text) refers (Weak) to rtx_lib.o(i._mutex_release) for _mutex_release
    initio_locked.o(.text) refers (Weak) to rtx_lib.o(i._mutex_free) for _mutex_free
    initio_locked.o(.text) refers (Weak) to rtx_lib.o(i._mutex_acquire) for _mutex_acquire
    initio_locked.o(.text) refers (Weak) to rtx_lib.o(i._mutex_release) for _mutex_release
    initio_locked.o(.text) refers (Weak) to rtx_lib.o(i._mutex_free) for _mutex_free
    initio_locked.o(.text) refers (Weak) to rtx_lib.o(i._mutex_acquire) for _mutex_acquire
    initio_locked.o(.text) refers (Weak) to rtx_lib.o(i._mutex_release) for _mutex_release
    initio_locked.o(.text) refers (Weak) to rtx_lib.o(i._mutex_free) for _mutex_free
    initio_locked.o(.text) refers (Weak) to rtx_lib.o(i._mutex_acquire) for _mutex_acquire
    initio_locked.o(.text) refers (Weak) to rtx_lib.o(i._mutex_release) for _mutex_release
    initio_locked.o(.text) refers (Weak) to rtx_lib.o(i._mutex_free) for _mutex_free
    initio_locked.o(.text) refers to h1_free_mt.o(.text) for free
    initio_locked.o(.text) refers (Weak) to rtx_lib.o(i._mutex_release) for _mutex_release
    initio_locked.o(.text) refers (Weak) to rtx_lib.o(i._mutex_free) for _mutex_free
    initio_locked.o(.text) refers to main.o(.data) for __stdin
    initio_locked.o(.text) refers to stdio_streams.o(.bss) for __stdin
    initio_locked.o(.text) refers to stdio_streams.o(.bss) for __stdout
    initio_locked.o(.text) refers to stdio_streams.o(.bss) for __stderr
    initio_locked.o(.text) refers to stdio_streams.o(.data) for __aeabi_stdin
    initio_locked.o(.text) refers to stdio_streams.o(.data) for __aeabi_stdout
    initio_locked.o(.text) refers to stdio_streams.o(.data) for __aeabi_stderr
    initio_locked.o(.text) refers to streamlock.o(.data) for _stream_list_lock
    initio_locked.o(.text) refers to sys_io.o(.constdata) for __stdin_name
    initio_locked.o(.text) refers to sys_io.o(.constdata) for __stdout_name
    initio_locked.o(.text) refers to sys_io.o(.constdata) for __stderr_name
    defsig_exit.o(.text) refers to sys_exit.o(.text) for _sys_exit
    defsig_rtmem_inner.o(.text) refers to defsig_general.o(.text) for __default_signal_display
    _get_argv_nomalloc.o(.text) refers (Special) to hrguard.o(.text) for __heap_region$guard
    _get_argv_nomalloc.o(.text) refers to defsig_rtmem_outer.o(.text) for __rt_SIGRTMEM
    _get_argv_nomalloc.o(.text) refers to sys_command.o(.text) for _sys_command_string
    libshutdown.o(.ARM.Collect$$libshutdown$$00000000) refers (Special) to libshutdown2.o(.ARM.Collect$$libshutdown$$00000002) for __rt_lib_shutdown_cpp_1
    libshutdown.o(.ARM.Collect$$libshutdown$$00000000) refers (Special) to libshutdown2.o(.ARM.Collect$$libshutdown$$00000007) for __rt_lib_shutdown_fp_trap_1
    libshutdown.o(.ARM.Collect$$libshutdown$$00000000) refers (Special) to libshutdown2.o(.ARM.Collect$$libshutdown$$0000000F) for __rt_lib_shutdown_heap_1
    libshutdown.o(.ARM.Collect$$libshutdown$$00000000) refers (Special) to libshutdown2.o(.ARM.Collect$$libshutdown$$00000010) for __rt_lib_shutdown_return
    libshutdown.o(.ARM.Collect$$libshutdown$$00000000) refers (Special) to libshutdown2.o(.ARM.Collect$$libshutdown$$0000000A) for __rt_lib_shutdown_signal_1
    libshutdown.o(.ARM.Collect$$libshutdown$$00000000) refers (Special) to libshutdown2.o(.ARM.Collect$$libshutdown$$00000004) for __rt_lib_shutdown_stdio_1
    libshutdown.o(.ARM.Collect$$libshutdown$$00000000) refers (Special) to libshutdown2.o(.ARM.Collect$$libshutdown$$0000000C) for __rt_lib_shutdown_user_alloc_1
    rt_errno_addr.o(.text) refers to rt_errno_addr.o(.bss) for __aeabi_errno_addr_data
    rt_errno_addr_intlibspace.o(.text) refers to libspace.o(.bss) for __libspace_start
    rt_errno_addr_twolibspace.o(.text) refers to rtx_lib.o(i.__user_perthread_libspace) for __user_perthread_libspace
    h1_final_mt.o(.text) refers (Weak) to rtx_lib.o(i._mutex_free) for _mutex_free
    fopen.o(.text) refers to fclose.o(.text) for _fclose_internal
    fopen.o(.text) refers to sys_io.o(.text) for _sys_open
    fopen.o(.text) refers to fseek.o(.text) for _fseek
    fopen.o(.text) refers to h1_alloc_mt.o(.text) for malloc
    fopen.o(.text) refers to rt_memclr_w.o(.text) for __aeabi_memclr4
    fopen.o(.text) refers to main.o(.data) for __stdin
    fopen.o(.text) refers to stdio_streams.o(.bss) for __stdin
    stdio_streams.o(.bss) refers (Special) to initio_locked.o(.text) for _initio
    stdio_streams.o(.bss) refers (Special) to initio_locked.o(.text) for _initio
    stdio_streams.o(.bss) refers (Special) to initio_locked.o(.text) for _initio
    stdio_streams.o(.data) refers (Special) to initio_locked.o(.text) for _initio
    stdio_streams.o(.data) refers (Special) to initio_locked.o(.text) for _initio
    stdio_streams.o(.data) refers (Special) to initio_locked.o(.text) for _initio
    fclose.o(.text) refers to stdio.o(.text) for _fflush
    fclose.o(.text) refers to sys_io.o(.text) for _sys_close
    fclose.o(.text) refers to h1_free_mt.o(.text) for free
    fclose.o(.text) refers to rt_memclr_w.o(.text) for __aeabi_memclr4
    setvbuf_locked.o(.text) refers (Weak) to rtx_lib.o(i._mutex_acquire) for _mutex_acquire
    setvbuf_locked.o(.text) refers (Weak) to rtx_lib.o(i._mutex_release) for _mutex_release
    fopen_locked.o(.text) refers (Weak) to rtx_lib.o(i._mutex_acquire) for _mutex_acquire
    fopen_locked.o(.text) refers to fclose.o(.text) for _fclose_internal
    fopen_locked.o(.text) refers to sys_io.o(.text) for _sys_open
    fopen_locked.o(.text) refers to fseek.o(.text) for _fseek
    fopen_locked.o(.text) refers (Weak) to rtx_lib.o(i._mutex_release) for _mutex_release
    fopen_locked.o(.text) refers (Weak) to rtx_lib.o(i._mutex_acquire) for _mutex_acquire
    fopen_locked.o(.text) refers (Weak) to rtx_lib.o(i._mutex_release) for _mutex_release
    fopen_locked.o(.text) refers (Weak) to rtx_lib.o(i._mutex_acquire) for _mutex_acquire
    fopen_locked.o(.text) refers to h1_alloc_mt.o(.text) for malloc
    fopen_locked.o(.text) refers to rt_memclr_w.o(.text) for __aeabi_memclr4
    fopen_locked.o(.text) refers to rtx_lib.o(i._mutex_initialize) for _mutex_initialize
    fopen_locked.o(.text) refers (Weak) to rtx_lib.o(i._mutex_release) for _mutex_release
    fopen_locked.o(.text) refers to streamlock.o(.data) for _stream_list_lock
    fopen_locked.o(.text) refers to main.o(.data) for __stdin
    fopen_locked.o(.text) refers to stdio_streams.o(.bss) for __stdin
    __raise.o(.text) refers to defsig.o(CL$$defsig) for __default_signal_handler
    defsig_general.o(.text) refers to sys_wrch.o(.text) for _ttywrch
    defsig_rtred_outer.o(.text) refers to defsig_rtred_inner.o(.text) for __rt_SIGRTRED_inner
    defsig_rtred_outer.o(.text) refers to defsig_exit.o(.text) for __sig_exit
    defsig_rtred_formal.o(.text) refers to rt_raise.o(.text) for __rt_raise
    libshutdown2.o(.ARM.Collect$$libshutdown$$00000003) refers (Weak) to initio_locked.o(.text) for _terminateio
    libshutdown2.o(.ARM.Collect$$libshutdown$$0000000D) refers (Weak) to term_alloc.o(.text) for _terminate_alloc
    sys_wrch.o(.text) refers (Special) to use_no_semi.o(.text) for __I$use$semihosting
    sys_wrch.o(.text) refers (Special) to indicate_semi.o(.text) for __semihosting_library_function
    defsig_rtred_inner.o(.text) refers to defsig_general.o(.text) for __default_signal_display
    defsig.o(CL$$defsig) refers to defsig_rtred_inner.o(.text) for __rt_SIGRTRED_inner
    defsig.o(CL$$defsig) refers to defsig_rtmem_inner.o(.text) for __rt_SIGRTMEM_inner
    defsig_abrt_inner.o(.text) refers to defsig_general.o(.text) for __default_signal_display
    defsig_fpe_inner.o(.text) refers to defsig_general.o(.text) for __default_signal_display
    defsig_stak_inner.o(.text) refers to defsig_general.o(.text) for __default_signal_display
    defsig_pvfn_inner.o(.text) refers to defsig_general.o(.text) for __default_signal_display
    defsig_cppl_inner.o(.text) refers to defsig_general.o(.text) for __default_signal_display
    defsig_segv_inner.o(.text) refers to defsig_general.o(.text) for __default_signal_display
    defsig_other.o(.text) refers to defsig_general.o(.text) for __default_signal_display

